watching DEN for 25 min, sampling every 15s
Ctrl-C to stop early; data is written continuously.

  *** DEN CLI PUBLISHED 2026-08-30 max 85F at 2026-08-31T07:30
  12:20:01  0 samples  published: ['DEN']
  12:20:17  0 samples  published: ['DEN']
  12:20:33  0 samples  published: ['DEN']
  12:20:48  0 samples  published: ['DEN']
  12:21:03  0 samples  published: ['DEN']
  12:21:18  0 samples  published: ['DEN']
  12:21:34  0 samples  published: ['DEN']
  12:21:49  0 samples  published: ['DEN']
  12:22:04  0 samples  published: ['DEN']
  12:22:20  0 samples  published: ['DEN']
  12:22:35  0 samples  published: ['DEN']
  12:22:50  0 samples  published: ['DEN']
  12:23:06  0 samples  published: ['DEN']
  12:23:21  0 samples  published: ['DEN']
  12:23:36  0 samples  published: ['DEN']
  12:23:52  0 samples  published: ['DEN']
  12:24:07  0 samples  published: ['DEN']
  12:24:22  0 samples  published: ['DEN']
  12:24:38  0 samples  published: ['DEN']
  12:24:53  0 samples  published: ['DEN']
  12:25:08  0 samples  published: ['DEN']
  12:25:24  0 samples  published: ['DEN']
  12:25:39  0 samples  published: ['DEN']
  12:25:54  0 samples  published: ['DEN']
  12:26:10  0 samples  published: ['DEN']
  12:26:25  0 samples  published: ['DEN']
  12:26:40  0 samples  published: ['DEN']
  12:26:55  0 samples  published: ['DEN']
  12:27:11  0 samples  published: ['DEN']
  12:27:26  0 samples  published: ['DEN']
  12:27:41  0 samples  published: ['DEN']
  12:27:57  0 samples  published: ['DEN']
  12:28:12  0 samples  published: ['DEN']
  12:28:28  0 samples  published: ['DEN']
  12:28:43  0 samples  published: ['DEN']
  12:28:58  0 samples  published: ['DEN']
  12:29:14  0 samples  published: ['DEN']
  12:29:29  0 samples  published: ['DEN']
  12:29:44  0 samples  published: ['DEN']
  12:29:59  0 samples  published: ['DEN']
  12:30:15  0 samples  published: ['DEN']
  12:30:30  0 samples  published: ['DEN']
  12:30:45  0 samples  published: ['DEN']
  12:31:01  0 samples  published: ['DEN']
  12:31:21  0 samples  published: ['DEN']
  12:31:36  0 samples  published: ['DEN']
  12:31:51  0 samples  published: ['DEN']
  12:32:07  0 samples  published: ['DEN']
  12:32:22  0 samples  published: ['DEN']
  12:32:37  0 samples  published: ['DEN']
  12:32:52  0 samples  published: ['DEN']
  12:33:08  0 samples  published: ['DEN']
  12:33:23  0 samples  published: ['DEN']
  12:33:38  0 samples  published: ['DEN']
  12:33:54  0 samples  published: ['DEN']
  12:34:09  0 samples  published: ['DEN']
  12:34:24  0 samples  published: ['DEN']
  12:34:39  0 samples  published: ['DEN']
  12:34:55  0 samples  published: ['DEN']
  12:35:10  0 samples  published: ['DEN']
  12:35:25  0 samples  published: ['DEN']
  12:35:40  0 samples  published: ['DEN']
  12:35:56  0 samples  published: ['DEN']
  12:36:11  0 samples  published: ['DEN']
  12:36:26  0 samples  published: ['DEN']
  12:36:41  0 samples  published: ['DEN']
  12:36:57  0 samples  published: ['DEN']
  12:37:12  0 samples  published: ['DEN']
  12:37:27  0 samples  published: ['DEN']
  12:37:42  0 samples  published: ['DEN']
  12:37:58  0 samples  published: ['DEN']
  12:38:13  0 samples  published: ['DEN']
  12:38:28  0 samples  published: ['DEN']
  12:38:44  0 samples  published: ['DEN']
  12:38:59  0 samples  published: ['DEN']
  12:39:14  0 samples  published: ['DEN']
  12:39:29  0 samples  published: ['DEN']
  12:39:45  0 samples  published: ['DEN']
  12:40:00  0 samples  published: ['DEN']
  12:40:15  0 samples  published: ['DEN']
  12:40:30  0 samples  published: ['DEN']
  12:40:46  0 samples  published: ['DEN']
  12:41:01  0 samples  published: ['DEN']
  12:41:16  0 samples  published: ['DEN']
  12:41:31  0 samples  published: ['DEN']
  12:41:47  0 samples  published: ['DEN']
  12:42:02  0 samples  published: ['DEN']
  12:42:17  0 samples  published: ['DEN']
  12:42:32  0 samples  published: ['DEN']
  12:42:48  0 samples  published: ['DEN']
  12:43:03  0 samples  published: ['DEN']
  12:43:18  0 samples  published: ['DEN']
  12:43:33  0 samples  published: ['DEN']
  12:43:49  0 samples  published: ['DEN']
  12:44:04  0 samples  published: ['DEN']
  12:44:19  0 samples  published: ['DEN']
  12:44:34  0 samples  published: ['DEN']
  12:44:50  0 samples  published: ['DEN']

wrote /home/velocity101/trading-lab/data/weather/gap_watch.csv
watching DEN for 25 min, sampling every 15s
Ctrl-C to stop early; data is written continuously.

  *** DEN CLI PUBLISHED 2026-08-31 max 86F at 2026-09-01T07:31
  12:20:01  0 samples  published: ['DEN']
  12:20:18  0 samples  published: ['DEN']
  12:20:33  0 samples  published: ['DEN']
  12:20:48  0 samples  published: ['DEN']
  12:21:03  0 samples  published: ['DEN']
  12:21:19  0 samples  published: ['DEN']
  12:21:34  0 samples  published: ['DEN']
  12:21:49  0 samples  published: ['DEN']
  12:22:05  0 samples  published: ['DEN']
  12:22:20  0 samples  published: ['DEN']
  12:22:35  0 samples  published: ['DEN']
  12:22:51  0 samples  published: ['DEN']
  12:23:06  0 samples  published: ['DEN']
  12:23:21  0 samples  published: ['DEN']
  12:23:37  0 samples  published: ['DEN']
  12:23:52  0 samples  published: ['DEN']
  12:24:07  0 samples  published: ['DEN']
  12:24:23  0 samples  published: ['DEN']
  12:24:38  0 samples  published: ['DEN']
  12:24:53  0 samples  published: ['DEN']
  12:25:08  0 samples  published: ['DEN']
  12:25:24  0 samples  published: ['DEN']
  12:25:39  0 samples  published: ['DEN']
  12:25:55  0 samples  published: ['DEN']
  12:26:10  0 samples  published: ['DEN']
  12:26:25  0 samples  published: ['DEN']
  12:26:40  0 samples  published: ['DEN']
  12:26:56  0 samples  published: ['DEN']
  12:27:11  0 samples  published: ['DEN']
  12:27:27  0 samples  published: ['DEN']
  12:27:42  0 samples  published: ['DEN']
  12:27:57  0 samples  published: ['DEN']
  12:28:12  0 samples  published: ['DEN']
  12:28:28  0 samples  published: ['DEN']
  12:28:43  0 samples  published: ['DEN']
  12:28:58  0 samples  published: ['DEN']
  12:29:14  0 samples  published: ['DEN']
  12:29:29  0 samples  published: ['DEN']
  12:29:44  0 samples  published: ['DEN']
  12:29:59  0 samples  published: ['DEN']
  12:30:15  0 samples  published: ['DEN']
  12:30:30  0 samples  published: ['DEN']
  12:30:46  0 samples  published: ['DEN']
  12:31:01  0 samples  published: ['DEN']
  12:31:16  0 samples  published: ['DEN']
  12:31:31  0 samples  published: ['DEN']
  12:31:47  0 samples  published: ['DEN']
  12:32:02  0 samples  published: ['DEN']
  12:32:17  0 samples  published: ['DEN']
  12:32:33  0 samples  published: ['DEN']
  12:32:48  0 samples  published: ['DEN']
  12:33:03  0 samples  published: ['DEN']
  12:33:19  0 samples  published: ['DEN']
  12:33:34  0 samples  published: ['DEN']
  12:33:49  0 samples  published: ['DEN']
  12:34:04  0 samples  published: ['DEN']
  12:34:20  0 samples  published: ['DEN']
  12:34:35  0 samples  published: ['DEN']
  12:34:50  0 samples  published: ['DEN']
  12:35:06  0 samples  published: ['DEN']
  12:35:21  0 samples  published: ['DEN']
  12:35:36  0 samples  published: ['DEN']
  12:35:52  0 samples  published: ['DEN']
  12:36:07  0 samples  published: ['DEN']
  12:36:22  0 samples  published: ['DEN']
  12:36:38  0 samples  published: ['DEN']
  12:36:53  0 samples  published: ['DEN']
  12:37:08  0 samples  published: ['DEN']
  12:37:24  0 samples  published: ['DEN']
  12:37:39  0 samples  published: ['DEN']
  12:37:54  0 samples  published: ['DEN']
  12:38:10  0 samples  published: ['DEN']
  12:38:25  0 samples  published: ['DEN']
  12:38:40  0 samples  published: ['DEN']
  12:38:56  0 samples  published: ['DEN']
  12:39:11  0 samples  published: ['DEN']
  12:39:26  0 samples  published: ['DEN']
  12:39:41  0 samples  published: ['DEN']
  12:39:57  0 samples  published: ['DEN']
  12:40:12  0 samples  published: ['DEN']
  12:40:27  0 samples  published: ['DEN']
  12:40:42  0 samples  published: ['DEN']
  12:40:58  0 samples  published: ['DEN']
  12:41:13  0 samples  published: ['DEN']
  12:41:28  0 samples  published: ['DEN']
  12:41:44  0 samples  published: ['DEN']
  12:41:59  0 samples  published: ['DEN']
  12:42:14  0 samples  published: ['DEN']
  12:42:30  0 samples  published: ['DEN']
  12:42:45  0 samples  published: ['DEN']
  12:43:00  0 samples  published: ['DEN']
  12:43:15  0 samples  published: ['DEN']
  12:43:31  0 samples  published: ['DEN']
  12:43:46  0 samples  published: ['DEN']
  12:44:01  0 samples  published: ['DEN']
  12:44:17  0 samples  published: ['DEN']
  12:44:32  0 samples  published: ['DEN']
  12:44:47  0 samples  published: ['DEN']

wrote /home/velocity101/trading-lab/data/weather/gap_watch.csv
watching DEN for 25 min, sampling every 15s
Ctrl-C to stop early; data is written continuously.

  *** DEN CLI PUBLISHED 2026-09-01 max 87F at 2026-09-02T07:31
  12:20:01  0 samples  published: ['DEN']
  12:20:16  0 samples  published: ['DEN']
  12:20:32  0 samples  published: ['DEN']
  12:20:47  0 samples  published: ['DEN']
  12:21:02  0 samples  published: ['DEN']
  12:21:17  0 samples  published: ['DEN']
  12:21:32  0 samples  published: ['DEN']
  12:21:48  0 samples  published: ['DEN']
  12:22:03  0 samples  published: ['DEN']
  12:22:18  0 samples  published: ['DEN']
  12:22:33  0 samples  published: ['DEN']
  12:22:49  0 samples  published: ['DEN']
  12:23:04  0 samples  published: ['DEN']
  12:23:19  0 samples  published: ['DEN']
  12:23:34  0 samples  published: ['DEN']
  12:23:50  0 samples  published: ['DEN']
  12:24:05  0 samples  published: ['DEN']
  12:24:20  0 samples  published: ['DEN']
  12:24:35  0 samples  published: ['DEN']
  12:24:50  0 samples  published: ['DEN']
  12:25:06  0 samples  published: ['DEN']
  12:25:21  0 samples  published: ['DEN']
  12:25:36  0 samples  published: ['DEN']
  12:25:52  0 samples  published: ['DEN']
  12:26:07  0 samples  published: ['DEN']
  12:26:22  0 samples  published: ['DEN']
  12:26:37  0 samples  published: ['DEN']
  12:26:52  0 samples  published: ['DEN']
  12:27:08  0 samples  published: ['DEN']
  12:27:23  0 samples  published: ['DEN']
  12:27:38  0 samples  published: ['DEN']
  12:27:53  0 samples  published: ['DEN']
  12:28:08  0 samples  published: ['DEN']
  12:28:24  0 samples  published: ['DEN']
  12:28:39  0 samples  published: ['DEN']
  12:28:54  0 samples  published: ['DEN']
  12:29:10  0 samples  published: ['DEN']
  12:29:25  0 samples  published: ['DEN']
  12:29:40  0 samples  published: ['DEN']
  12:29:55  0 samples  published: ['DEN']
  12:30:10  0 samples  published: ['DEN']
  12:30:26  0 samples  published: ['DEN']
  12:30:41  0 samples  published: ['DEN']
  12:30:56  0 samples  published: ['DEN']
  12:31:11  0 samples  published: ['DEN']
  12:31:27  0 samples  published: ['DEN']
  12:31:42  0 samples  published: ['DEN']
  12:31:57  0 samples  published: ['DEN']
  12:32:13  0 samples  published: ['DEN']
  12:32:28  0 samples  published: ['DEN']
  12:32:43  0 samples  published: ['DEN']
  12:32:58  0 samples  published: ['DEN']
  12:33:14  0 samples  published: ['DEN']
  12:33:29  0 samples  published: ['DEN']
  12:33:44  0 samples  published: ['DEN']
  12:33:59  0 samples  published: ['DEN']
  12:34:15  0 samples  published: ['DEN']
  12:34:30  0 samples  published: ['DEN']
  12:34:45  0 samples  published: ['DEN']
  12:35:00  0 samples  published: ['DEN']
  12:35:17  0 samples  published: ['DEN']
  12:35:32  0 samples  published: ['DEN']
  12:35:47  0 samples  published: ['DEN']
  12:36:03  0 samples  published: ['DEN']
  12:36:18  0 samples  published: ['DEN']
  12:36:33  0 samples  published: ['DEN']
  12:36:48  0 samples  published: ['DEN']
  12:37:04  0 samples  published: ['DEN']
  12:37:19  0 samples  published: ['DEN']
  12:37:34  0 samples  published: ['DEN']
  12:37:50  0 samples  published: ['DEN']
  12:38:05  0 samples  published: ['DEN']
  12:38:20  0 samples  published: ['DEN']
  12:38:35  0 samples  published: ['DEN']
  12:38:51  0 samples  published: ['DEN']
  12:39:06  0 samples  published: ['DEN']
  12:39:21  0 samples  published: ['DEN']
  12:39:37  0 samples  published: ['DEN']
  12:39:52  0 samples  published: ['DEN']
  12:40:07  0 samples  published: ['DEN']
  12:40:23  0 samples  published: ['DEN']
  12:40:38  0 samples  published: ['DEN']
  12:40:53  0 samples  published: ['DEN']
  12:41:08  0 samples  published: ['DEN']
  12:41:24  0 samples  published: ['DEN']
  12:41:39  0 samples  published: ['DEN']
  12:41:54  0 samples  published: ['DEN']
  12:42:10  0 samples  published: ['DEN']
  12:42:25  0 samples  published: ['DEN']
  12:42:40  0 samples  published: ['DEN']
  12:42:56  0 samples  published: ['DEN']
  12:43:11  0 samples  published: ['DEN']
  12:43:26  0 samples  published: ['DEN']
  12:43:41  0 samples  published: ['DEN']
  12:43:57  0 samples  published: ['DEN']
  12:44:12  0 samples  published: ['DEN']
  12:44:27  0 samples  published: ['DEN']
  12:44:43  0 samples  published: ['DEN']
  12:44:58  0 samples  published: ['DEN']

wrote /home/velocity101/trading-lab/data/weather/gap_watch.csv
watching DEN for 25 min, sampling every 15s
Ctrl-C to stop early; data is written continuously.

  *** DEN CLI PUBLISHED 2026-09-02 max 88F at 2026-09-03T07:33
  12:20:01  0 samples  published: ['DEN']
  12:20:17  0 samples  published: ['DEN']
  12:20:32  0 samples  published: ['DEN']
  12:20:47  0 samples  published: ['DEN']
  12:21:03  0 samples  published: ['DEN']
  12:21:18  0 samples  published: ['DEN']
  12:21:33  0 samples  published: ['DEN']
  12:21:48  0 samples  published: ['DEN']
  12:22:03  0 samples  published: ['DEN']
  12:22:19  0 samples  published: ['DEN']
  12:22:34  0 samples  published: ['DEN']
  12:22:49  0 samples  published: ['DEN']
  12:23:04  0 samples  published: ['DEN']
  12:23:20  0 samples  published: ['DEN']
  12:23:35  0 samples  published: ['DEN']
  12:23:50  0 samples  published: ['DEN']
  12:24:05  0 samples  published: ['DEN']
  12:24:21  0 samples  published: ['DEN']
  12:24:41  0 samples  published: ['DEN']
  12:24:56  0 samples  published: ['DEN']
  12:25:12  0 samples  published: ['DEN']
  12:25:27  0 samples  published: ['DEN']
  12:25:42  0 samples  published: ['DEN']
  12:25:58  0 samples  published: ['DEN']
  12:26:13  0 samples  published: ['DEN']
  12:26:28  0 samples  published: ['DEN']
  12:26:43  0 samples  published: ['DEN']
  12:26:59  0 samples  published: ['DEN']
  12:27:14  0 samples  published: ['DEN']
  12:27:29  0 samples  published: ['DEN']
  12:27:44  0 samples  published: ['DEN']
  12:28:00  0 samples  published: ['DEN']
  12:28:15  0 samples  published: ['DEN']
  12:28:30  0 samples  published: ['DEN']
  12:28:46  0 samples  published: ['DEN']
  12:29:01  0 samples  published: ['DEN']
  12:29:16  0 samples  published: ['DEN']
  12:29:31  0 samples  published: ['DEN']
  12:29:47  0 samples  published: ['DEN']
  12:30:02  0 samples  published: ['DEN']
  12:30:17  0 samples  published: ['DEN']
  12:30:32  0 samples  published: ['DEN']
  12:30:48  0 samples  published: ['DEN']
  12:31:03  0 samples  published: ['DEN']
  12:31:18  0 samples  published: ['DEN']
  12:31:34  0 samples  published: ['DEN']
  12:31:49  0 samples  published: ['DEN']
  12:32:04  0 samples  published: ['DEN']
  12:32:20  0 samples  published: ['DEN']
  12:32:35  0 samples  published: ['DEN']
  12:32:50  0 samples  published: ['DEN']
  12:33:05  0 samples  published: ['DEN']
  12:33:21  0 samples  published: ['DEN']
  12:33:36  0 samples  published: ['DEN']
  12:33:51  0 samples  published: ['DEN']
  12:34:07  0 samples  published: ['DEN']
  12:34:22  0 samples  published: ['DEN']
  12:34:37  0 samples  published: ['DEN']
  12:34:52  0 samples  published: ['DEN']
  12:35:08  0 samples  published: ['DEN']
  12:35:23  0 samples  published: ['DEN']
  12:35:38  0 samples  published: ['DEN']
  12:35:53  0 samples  published: ['DEN']
  12:36:09  0 samples  published: ['DEN']
  12:36:24  0 samples  published: ['DEN']
  12:36:39  0 samples  published: ['DEN']
  12:36:55  0 samples  published: ['DEN']
  12:37:10  0 samples  published: ['DEN']
  12:37:25  0 samples  published: ['DEN']
  12:37:40  0 samples  published: ['DEN']
  12:37:56  0 samples  published: ['DEN']
  12:38:11  0 samples  published: ['DEN']
  12:38:26  0 samples  published: ['DEN']
  12:38:42  0 samples  published: ['DEN']
  12:38:57  0 samples  published: ['DEN']
  12:39:12  0 samples  published: ['DEN']
  12:39:28  0 samples  published: ['DEN']
  12:39:43  0 samples  published: ['DEN']
  12:39:58  0 samples  published: ['DEN']
  12:40:13  0 samples  published: ['DEN']
  12:40:29  0 samples  published: ['DEN']
  12:40:44  0 samples  published: ['DEN']
  12:40:59  0 samples  published: ['DEN']
  12:41:15  0 samples  published: ['DEN']
  12:41:30  0 samples  published: ['DEN']
  12:41:45  0 samples  published: ['DEN']
  12:42:00  0 samples  published: ['DEN']
  12:42:16  0 samples  published: ['DEN']
  12:42:31  0 samples  published: ['DEN']
  12:42:47  0 samples  published: ['DEN']
  12:43:02  0 samples  published: ['DEN']
  12:43:17  0 samples  published: ['DEN']
  12:43:32  0 samples  published: ['DEN']
  12:43:48  0 samples  published: ['DEN']
  12:44:03  0 samples  published: ['DEN']
  12:44:18  0 samples  published: ['DEN']
  12:44:33  0 samples  published: ['DEN']
  12:44:49  0 samples  published: ['DEN']

wrote /home/velocity101/trading-lab/data/weather/gap_watch.csv
watching DEN for 25 min, sampling every 15s
Ctrl-C to stop early; data is written continuously.

  *** DEN CLI PUBLISHED 2026-09-03 max 92F at 2026-09-04T07:36
  12:20:01  0 samples  published: ['DEN']
  12:20:17  0 samples  published: ['DEN']
  12:20:32  0 samples  published: ['DEN']
  12:20:48  0 samples  published: ['DEN']
  12:21:03  0 samples  published: ['DEN']
  12:21:18  0 samples  published: ['DEN']
  12:21:33  0 samples  published: ['DEN']
  12:21:49  0 samples  published: ['DEN']
  12:22:04  0 samples  published: ['DEN']
  12:22:19  0 samples  published: ['DEN']
  12:22:34  0 samples  published: ['DEN']
  12:22:50  0 samples  published: ['DEN']
  12:23:05  0 samples  published: ['DEN']
  12:23:20  0 samples  published: ['DEN']
  12:23:36  0 samples  published: ['DEN']
  12:23:51  0 samples  published: ['DEN']
  12:24:07  0 samples  published: ['DEN']
  12:24:22  0 samples  published: ['DEN']
  12:24:37  0 samples  published: ['DEN']
  12:24:52  0 samples  published: ['DEN']
  12:25:08  0 samples  published: ['DEN']
  12:25:23  0 samples  published: ['DEN']
  12:25:38  0 samples  published: ['DEN']
  12:25:54  0 samples  published: ['DEN']
  12:26:09  0 samples  published: ['DEN']
  12:26:24  0 samples  published: ['DEN']
  12:26:39  0 samples  published: ['DEN']
  12:26:55  0 samples  published: ['DEN']
  12:27:10  0 samples  published: ['DEN']
  12:27:25  0 samples  published: ['DEN']
  12:27:41  0 samples  published: ['DEN']
  12:28:01  0 samples  published: ['DEN']
  12:28:16  0 samples  published: ['DEN']
  12:28:31  0 samples  published: ['DEN']
  12:28:47  0 samples  published: ['DEN']
  12:29:02  0 samples  published: ['DEN']
  12:29:17  0 samples  published: ['DEN']
  12:29:32  0 samples  published: ['DEN']
  12:29:48  0 samples  published: ['DEN']
  12:30:03  0 samples  published: ['DEN']
  12:30:18  0 samples  published: ['DEN']
  12:30:33  0 samples  published: ['DEN']
  12:30:48  0 samples  published: ['DEN']
  12:31:04  0 samples  published: ['DEN']
  12:31:19  0 samples  published: ['DEN']
  12:31:34  0 samples  published: ['DEN']
  12:31:49  0 samples  published: ['DEN']
  12:32:05  0 samples  published: ['DEN']
  12:32:20  0 samples  published: ['DEN']
  12:32:35  0 samples  published: ['DEN']
  12:32:50  0 samples  published: ['DEN']
  12:33:05  0 samples  published: ['DEN']
  12:33:21  0 samples  published: ['DEN']
  12:33:36  0 samples  published: ['DEN']
  12:33:51  0 samples  published: ['DEN']
  12:34:06  0 samples  published: ['DEN']
  12:34:22  0 samples  published: ['DEN']
  12:34:37  0 samples  published: ['DEN']
  12:34:52  0 samples  published: ['DEN']
  12:35:08  0 samples  published: ['DEN']
  12:35:23  0 samples  published: ['DEN']
  12:35:38  0 samples  published: ['DEN']
  12:35:54  0 samples  published: ['DEN']
  12:36:09  0 samples  published: ['DEN']
  12:36:24  0 samples  published: ['DEN']
  12:36:39  0 samples  published: ['DEN']
  12:36:55  0 samples  published: ['DEN']
  12:37:10  0 samples  published: ['DEN']
  12:37:25  0 samples  published: ['DEN']
  12:37:40  0 samples  published: ['DEN']
  12:37:56  0 samples  published: ['DEN']
  12:38:11  0 samples  published: ['DEN']
  12:38:26  0 samples  published: ['DEN']
  12:38:42  0 samples  published: ['DEN']
  12:38:57  0 samples  published: ['DEN']
  12:39:12  0 samples  published: ['DEN']
  12:39:28  0 samples  published: ['DEN']
  12:39:43  0 samples  published: ['DEN']
  12:39:58  0 samples  published: ['DEN']
  12:40:13  0 samples  published: ['DEN']
  12:40:29  0 samples  published: ['DEN']
  12:40:44  0 samples  published: ['DEN']
  12:40:59  0 samples  published: ['DEN']
  12:41:14  0 samples  published: ['DEN']
  12:41:30  0 samples  published: ['DEN']
  12:41:45  0 samples  published: ['DEN']
  12:42:00  0 samples  published: ['DEN']
  12:42:16  0 samples  published: ['DEN']
  12:42:31  0 samples  published: ['DEN']
  12:42:46  0 samples  published: ['DEN']
  12:43:01  0 samples  published: ['DEN']
  12:43:17  0 samples  published: ['DEN']
  12:43:32  0 samples  published: ['DEN']
  12:43:47  0 samples  published: ['DEN']
  12:44:02  0 samples  published: ['DEN']
  12:44:18  0 samples  published: ['DEN']
  12:44:33  0 samples  published: ['DEN']
  12:44:48  0 samples  published: ['DEN']

wrote /home/velocity101/trading-lab/data/weather/gap_watch.csv
watching DEN for 25 min, sampling every 15s
Ctrl-C to stop early; data is written continuously.

  *** DEN CLI PUBLISHED 2026-09-04 max 93F at 2026-09-05T07:34
  12:20:01  0 samples  published: ['DEN']
  12:20:17  0 samples  published: ['DEN']
  12:20:32  0 samples  published: ['DEN']
  12:20:47  0 samples  published: ['DEN']
  12:21:02  0 samples  published: ['DEN']
  12:21:18  0 samples  published: ['DEN']
  12:21:33  0 samples  published: ['DEN']
  12:21:48  0 samples  published: ['DEN']
  12:22:03  0 samples  published: ['DEN']
  12:22:19  0 samples  published: ['DEN']
  12:22:34  0 samples  published: ['DEN']
  12:22:49  0 samples  published: ['DEN']
  12:23:04  0 samples  published: ['DEN']
  12:23:20  0 samples  published: ['DEN']
  12:23:35  0 samples  published: ['DEN']
  12:23:50  0 samples  published: ['DEN']
  12:24:05  0 samples  published: ['DEN']
  12:24:21  0 samples  published: ['DEN']
  12:24:36  0 samples  published: ['DEN']
  12:24:51  0 samples  published: ['DEN']
  12:25:06  0 samples  published: ['DEN']
  12:25:22  0 samples  published: ['DEN']
  12:25:37  0 samples  published: ['DEN']
  12:25:52  0 samples  published: ['DEN']
  12:26:07  0 samples  published: ['DEN']
  12:26:23  0 samples  published: ['DEN']
  12:26:38  0 samples  published: ['DEN']
  12:26:53  0 samples  published: ['DEN']
  12:27:08  0 samples  published: ['DEN']
  12:27:24  0 samples  published: ['DEN']
  12:27:39  0 samples  published: ['DEN']
  12:27:54  0 samples  published: ['DEN']
  12:28:09  0 samples  published: ['DEN']
  12:28:25  0 samples  published: ['DEN']
  12:28:40  0 samples  published: ['DEN']
  12:28:55  0 samples  published: ['DEN']
  12:29:11  0 samples  published: ['DEN']
  12:29:26  0 samples  published: ['DEN']
  12:29:41  0 samples  published: ['DEN']
  12:29:56  0 samples  published: ['DEN']
  12:30:12  0 samples  published: ['DEN']
  12:30:27  0 samples  published: ['DEN']
  12:30:42  0 samples  published: ['DEN']
  12:30:57  0 samples  published: ['DEN']
  12:31:18  0 samples  published: ['DEN']
  12:31:33  0 samples  published: ['DEN']
  12:31:48  0 samples  published: ['DEN']
  12:32:04  0 samples  published: ['DEN']
  12:32:19  0 samples  published: ['DEN']
  12:32:34  0 samples  published: ['DEN']
  12:32:49  0 samples  published: ['DEN']
  12:33:05  0 samples  published: ['DEN']
  12:33:20  0 samples  published: ['DEN']
  12:33:35  0 samples  published: ['DEN']
  12:33:51  0 samples  published: ['DEN']
  12:34:06  0 samples  published: ['DEN']
  12:34:21  0 samples  published: ['DEN']
  12:34:37  0 samples  published: ['DEN']
  12:34:52  0 samples  published: ['DEN']
  12:35:07  0 samples  published: ['DEN']
  12:35:23  0 samples  published: ['DEN']
  12:35:38  0 samples  published: ['DEN']
  12:35:53  0 samples  published: ['DEN']
  12:36:09  0 samples  published: ['DEN']
  12:36:24  0 samples  published: ['DEN']
  12:36:39  0 samples  published: ['DEN']
  12:36:55  0 samples  published: ['DEN']
  12:37:10  0 samples  published: ['DEN']
  12:37:25  0 samples  published: ['DEN']
  12:37:41  0 samples  published: ['DEN']
  12:37:56  0 samples  published: ['DEN']
  12:38:11  0 samples  published: ['DEN']
  12:38:27  0 samples  published: ['DEN']
  12:38:42  0 samples  published: ['DEN']
  12:38:57  0 samples  published: ['DEN']
  12:39:13  0 samples  published: ['DEN']
  12:39:28  0 samples  published: ['DEN']
  12:39:43  0 samples  published: ['DEN']
  12:39:59  0 samples  published: ['DEN']
  12:40:14  0 samples  published: ['DEN']
  12:40:30  0 samples  published: ['DEN']
  12:40:45  0 samples  published: ['DEN']
  12:41:00  0 samples  published: ['DEN']
  12:41:16  0 samples  published: ['DEN']
  12:41:31  0 samples  published: ['DEN']
  12:41:46  0 samples  published: ['DEN']
  12:42:02  0 samples  published: ['DEN']
  12:42:17  0 samples  published: ['DEN']
  12:42:32  0 samples  published: ['DEN']
  12:42:48  0 samples  published: ['DEN']
  12:43:03  0 samples  published: ['DEN']
  12:43:18  0 samples  published: ['DEN']
  12:43:33  0 samples  published: ['DEN']
  12:43:49  0 samples  published: ['DEN']
  12:44:04  0 samples  published: ['DEN']
  12:44:19  0 samples  published: ['DEN']
  12:44:35  0 samples  published: ['DEN']
  12:44:50  0 samples  published: ['DEN']

wrote /home/velocity101/trading-lab/data/weather/gap_watch.csv
watching DEN for 25 min, sampling every 15s
Ctrl-C to stop early; data is written continuously.

  *** DEN CLI PUBLISHED 2026-09-05 max 94F at 2026-09-06T07:43
  12:20:01  0 samples  published: ['DEN']
  12:20:17  0 samples  published: ['DEN']
  12:20:32  0 samples  published: ['DEN']
  12:20:47  0 samples  published: ['DEN']
  12:21:03  0 samples  published: ['DEN']
  12:21:18  0 samples  published: ['DEN']
  12:21:33  0 samples  published: ['DEN']
  12:21:49  0 samples  published: ['DEN']
  12:22:04  0 samples  published: ['DEN']
  12:22:19  0 samples  published: ['DEN']
  12:22:34  0 samples  published: ['DEN']
  12:22:50  0 samples  published: ['DEN']
  12:23:05  0 samples  published: ['DEN']
  12:23:20  0 samples  published: ['DEN']
  12:23:35  0 samples  published: ['DEN']
  12:23:51  0 samples  published: ['DEN']
  12:24:06  0 samples  published: ['DEN']
  12:24:21  0 samples  published: ['DEN']
  12:24:36  0 samples  published: ['DEN']
  12:24:52  0 samples  published: ['DEN']
  12:25:07  0 samples  published: ['DEN']
  12:25:22  0 samples  published: ['DEN']
  12:25:37  0 samples  published: ['DEN']
  12:25:53  0 samples  published: ['DEN']
  12:26:08  0 samples  published: ['DEN']
  12:26:23  0 samples  published: ['DEN']
  12:26:38  0 samples  published: ['DEN']
  12:26:54  0 samples  published: ['DEN']
  12:27:09  0 samples  published: ['DEN']
  12:27:24  0 samples  published: ['DEN']
  12:27:40  0 samples  published: ['DEN']
  12:27:55  0 samples  published: ['DEN']
  12:28:10  0 samples  published: ['DEN']
  12:28:25  0 samples  published: ['DEN']
  12:28:41  0 samples  published: ['DEN']
  12:28:56  0 samples  published: ['DEN']
  12:29:11  0 samples  published: ['DEN']
  12:29:26  0 samples  published: ['DEN']
  12:29:42  0 samples  published: ['DEN']
  12:29:57  0 samples  published: ['DEN']
  12:30:12  0 samples  published: ['DEN']
  12:30:27  0 samples  published: ['DEN']
  12:30:43  0 samples  published: ['DEN']
  12:30:58  0 samples  published: ['DEN']
  12:31:13  0 samples  published: ['DEN']
  12:31:29  0 samples  published: ['DEN']
  12:31:44  0 samples  published: ['DEN']
  12:31:59  0 samples  published: ['DEN']
  12:32:15  0 samples  published: ['DEN']
  12:32:30  0 samples  published: ['DEN']
  12:32:45  0 samples  published: ['DEN']
  12:33:00  0 samples  published: ['DEN']
  12:33:16  0 samples  published: ['DEN']
  12:33:31  0 samples  published: ['DEN']
  12:33:46  0 samples  published: ['DEN']
  12:34:01  0 samples  published: ['DEN']
  12:34:17  0 samples  published: ['DEN']
  12:34:32  0 samples  published: ['DEN']
  12:34:47  0 samples  published: ['DEN']
  12:35:03  0 samples  published: ['DEN']
  12:35:18  0 samples  published: ['DEN']
  12:35:33  0 samples  published: ['DEN']
  12:35:48  0 samples  published: ['DEN']
  12:36:04  0 samples  published: ['DEN']
  12:36:19  0 samples  published: ['DEN']
  12:36:34  0 samples  published: ['DEN']
  12:36:49  0 samples  published: ['DEN']
  12:37:05  0 samples  published: ['DEN']
  12:37:20  0 samples  published: ['DEN']
  12:37:35  0 samples  published: ['DEN']
  12:37:50  0 samples  published: ['DEN']
  12:38:06  0 samples  published: ['DEN']
  12:38:21  0 samples  published: ['DEN']
  12:38:36  0 samples  published: ['DEN']
  12:38:51  0 samples  published: ['DEN']
  12:39:07  0 samples  published: ['DEN']
  12:39:22  0 samples  published: ['DEN']
  12:39:37  0 samples  published: ['DEN']
  12:39:53  0 samples  published: ['DEN']
  12:40:08  0 samples  published: ['DEN']
  12:40:23  0 samples  published: ['DEN']
  12:40:38  0 samples  published: ['DEN']
  12:40:54  0 samples  published: ['DEN']
  12:41:09  0 samples  published: ['DEN']
  12:41:24  0 samples  published: ['DEN']
  12:41:39  0 samples  published: ['DEN']
  12:41:54  0 samples  published: ['DEN']
  12:42:10  0 samples  published: ['DEN']
  12:42:25  0 samples  published: ['DEN']
  12:42:40  0 samples  published: ['DEN']
  12:42:56  0 samples  published: ['DEN']
  12:43:11  0 samples  published: ['DEN']
  12:43:26  0 samples  published: ['DEN']
  12:43:41  0 samples  published: ['DEN']
  12:43:57  0 samples  published: ['DEN']
  12:44:12  0 samples  published: ['DEN']
  12:44:27  0 samples  published: ['DEN']
  12:44:43  0 samples  published: ['DEN']
  12:44:58  0 samples  published: ['DEN']

wrote /home/velocity101/trading-lab/data/weather/gap_watch.csv
watching DEN for 25 min, sampling every 15s
Ctrl-C to stop early; data is written continuously.

  *** DEN CLI PUBLISHED 2026-09-06 max 92F at 2026-09-07T07:32
  12:20:01  0 samples  published: ['DEN']
  12:20:17  0 samples  published: ['DEN']
  12:20:32  0 samples  published: ['DEN']
  12:20:47  0 samples  published: ['DEN']
  12:21:03  0 samples  published: ['DEN']
  12:21:18  0 samples  published: ['DEN']
  12:21:33  0 samples  published: ['DEN']
  12:21:48  0 samples  published: ['DEN']
  12:22:04  0 samples  published: ['DEN']
  12:22:19  0 samples  published: ['DEN']
  12:22:34  0 samples  published: ['DEN']
  12:22:49  0 samples  published: ['DEN']
  12:23:05  0 samples  published: ['DEN']
  12:23:20  0 samples  published: ['DEN']
  12:23:35  0 samples  published: ['DEN']
  12:23:50  0 samples  published: ['DEN']
  12:24:06  0 samples  published: ['DEN']
  12:24:21  0 samples  published: ['DEN']
  12:24:36  0 samples  published: ['DEN']
  12:24:51  0 samples  published: ['DEN']
  12:25:07  0 samples  published: ['DEN']
  12:25:22  0 samples  published: ['DEN']
  12:25:37  0 samples  published: ['DEN']
  12:25:53  0 samples  published: ['DEN']
  12:26:08  0 samples  published: ['DEN']
  12:26:23  0 samples  published: ['DEN']
  12:26:38  0 samples  published: ['DEN']
  12:26:54  0 samples  published: ['DEN']
  12:27:09  0 samples  published: ['DEN']
  12:27:24  0 samples  published: ['DEN']
  12:27:39  0 samples  published: ['DEN']
  12:27:55  0 samples  published: ['DEN']
  12:28:10  0 samples  published: ['DEN']
  12:28:25  0 samples  published: ['DEN']
  12:28:40  0 samples  published: ['DEN']
  12:28:56  0 samples  published: ['DEN']
  12:29:11  0 samples  published: ['DEN']
  12:29:26  0 samples  published: ['DEN']
  12:29:41  0 samples  published: ['DEN']
  12:29:57  0 samples  published: ['DEN']
  12:30:12  0 samples  published: ['DEN']
  12:30:27  0 samples  published: ['DEN']
  12:30:42  0 samples  published: ['DEN']
  12:30:58  0 samples  published: ['DEN']
  12:31:13  0 samples  published: ['DEN']
  12:31:28  0 samples  published: ['DEN']
  12:31:43  0 samples  published: ['DEN']
  12:31:59  0 samples  published: ['DEN']
  12:32:14  0 samples  published: ['DEN']
  12:32:29  0 samples  published: ['DEN']
  12:32:45  0 samples  published: ['DEN']
  12:33:00  0 samples  published: ['DEN']
  12:33:15  0 samples  published: ['DEN']
  12:33:30  0 samples  published: ['DEN']
  12:33:46  0 samples  published: ['DEN']
  12:34:01  0 samples  published: ['DEN']
  12:34:16  0 samples  published: ['DEN']
  12:34:31  0 samples  published: ['DEN']
  12:34:47  0 samples  published: ['DEN']
  12:35:02  0 samples  published: ['DEN']
  12:35:17  0 samples  published: ['DEN']
  12:35:32  0 samples  published: ['DEN']
  12:35:48  0 samples  published: ['DEN']
  12:36:03  0 samples  published: ['DEN']
  12:36:18  0 samples  published: ['DEN']
  12:36:33  0 samples  published: ['DEN']
  12:36:49  0 samples  published: ['DEN']
  12:37:04  0 samples  published: ['DEN']
  12:37:19  0 samples  published: ['DEN']
  12:37:34  0 samples  published: ['DEN']
  12:37:50  0 samples  published: ['DEN']
  12:38:05  0 samples  published: ['DEN']
  12:38:20  0 samples  published: ['DEN']
  12:38:36  0 samples  published: ['DEN']
  12:38:51  0 samples  published: ['DEN']
  12:39:06  0 samples  published: ['DEN']
  12:39:21  0 samples  published: ['DEN']
  12:39:37  0 samples  published: ['DEN']
  12:39:52  0 samples  published: ['DEN']
  12:40:07  0 samples  published: ['DEN']
  12:40:22  0 samples  published: ['DEN']
  12:40:38  0 samples  published: ['DEN']
  12:40:53  0 samples  published: ['DEN']
  12:41:08  0 samples  published: ['DEN']
  12:41:23  0 samples  published: ['DEN']
  12:41:39  0 samples  published: ['DEN']
  12:41:54  0 samples  published: ['DEN']
  12:42:09  0 samples  published: ['DEN']
  12:42:24  0 samples  published: ['DEN']
  12:42:40  0 samples  published: ['DEN']
  12:42:55  0 samples  published: ['DEN']
  12:43:10  0 samples  published: ['DEN']
  12:43:25  0 samples  published: ['DEN']
  12:43:41  0 samples  published: ['DEN']
  12:43:56  0 samples  published: ['DEN']
  12:44:11  0 samples  published: ['DEN']
  12:44:27  0 samples  published: ['DEN']
  12:44:42  0 samples  published: ['DEN']
  12:44:57  0 samples  published: ['DEN']

wrote /home/velocity101/trading-lab/data/weather/gap_watch.csv
watching DEN for 25 min, sampling every 15s
Ctrl-C to stop early; data is written continuously.

  *** DEN CLI PUBLISHED 2026-09-07 max 90F at 2026-09-08T07:32
  12:20:01  0 samples  published: ['DEN']
  12:20:17  0 samples  published: ['DEN']
  12:20:32  0 samples  published: ['DEN']
  12:20:47  0 samples  published: ['DEN']
  12:21:02  0 samples  published: ['DEN']
  12:21:18  0 samples  published: ['DEN']
  12:21:33  0 samples  published: ['DEN']
  12:21:48  0 samples  published: ['DEN']
  12:22:03  0 samples  published: ['DEN']
  12:22:18  0 samples  published: ['DEN']
  12:22:34  0 samples  published: ['DEN']
  12:22:49  0 samples  published: ['DEN']
  12:23:04  0 samples  published: ['DEN']
  12:23:20  0 samples  published: ['DEN']
  12:23:35  0 samples  published: ['DEN']
  12:23:50  0 samples  published: ['DEN']
  12:24:05  0 samples  published: ['DEN']
  12:24:21  0 samples  published: ['DEN']
  12:24:36  0 samples  published: ['DEN']
  12:24:51  0 samples  published: ['DEN']
  12:25:06  0 samples  published: ['DEN']
  12:25:22  0 samples  published: ['DEN']
  12:25:37  0 samples  published: ['DEN']
  12:25:52  0 samples  published: ['DEN']
  12:26:07  0 samples  published: ['DEN']
  12:26:23  0 samples  published: ['DEN']
  12:26:38  0 samples  published: ['DEN']
  12:26:53  0 samples  published: ['DEN']
  12:27:08  0 samples  published: ['DEN']
  12:27:24  0 samples  published: ['DEN']
  12:27:39  0 samples  published: ['DEN']
  12:27:54  0 samples  published: ['DEN']
  12:28:09  0 samples  published: ['DEN']
  12:28:25  0 samples  published: ['DEN']
  12:28:40  0 samples  published: ['DEN']
  12:28:55  0 samples  published: ['DEN']
  12:29:10  0 samples  published: ['DEN']
  12:29:26  0 samples  published: ['DEN']
  12:29:41  0 samples  published: ['DEN']
  12:29:56  0 samples  published: ['DEN']
  12:30:11  0 samples  published: ['DEN']
  12:30:27  0 samples  published: ['DEN']
  12:30:42  0 samples  published: ['DEN']
  12:30:57  0 samples  published: ['DEN']
  12:31:12  0 samples  published: ['DEN']
  12:31:28  0 samples  published: ['DEN']
  12:31:43  0 samples  published: ['DEN']
  12:31:58  0 samples  published: ['DEN']
  12:32:13  0 samples  published: ['DEN']
  12:32:29  0 samples  published: ['DEN']
  12:32:44  0 samples  published: ['DEN']
  12:32:59  0 samples  published: ['DEN']
  12:33:14  0 samples  published: ['DEN']
  12:33:30  0 samples  published: ['DEN']
  12:33:45  0 samples  published: ['DEN']
  12:34:00  0 samples  published: ['DEN']
  12:34:15  0 samples  published: ['DEN']
  12:34:31  0 samples  published: ['DEN']
  12:34:46  0 samples  published: ['DEN']
  12:35:01  0 samples  published: ['DEN']
  12:35:16  0 samples  published: ['DEN']
  12:35:32  0 samples  published: ['DEN']
  12:35:47  0 samples  published: ['DEN']
  12:36:02  0 samples  published: ['DEN']
  12:36:17  0 samples  published: ['DEN']
  12:36:33  0 samples  published: ['DEN']
  12:36:48  0 samples  published: ['DEN']
  12:37:03  0 samples  published: ['DEN']
  12:37:19  0 samples  published: ['DEN']
  12:37:34  0 samples  published: ['DEN']
  12:37:49  0 samples  published: ['DEN']
  12:38:04  0 samples  published: ['DEN']
  12:38:19  0 samples  published: ['DEN']
  12:38:35  0 samples  published: ['DEN']
  12:38:50  0 samples  published: ['DEN']
  12:39:05  0 samples  published: ['DEN']
  12:39:20  0 samples  published: ['DEN']
  12:39:36  0 samples  published: ['DEN']
  12:39:51  0 samples  published: ['DEN']
  12:40:06  0 samples  published: ['DEN']
  12:40:21  0 samples  published: ['DEN']
  12:40:37  0 samples  published: ['DEN']
  12:40:52  0 samples  published: ['DEN']
  12:41:07  0 samples  published: ['DEN']
  12:41:23  0 samples  published: ['DEN']
  12:41:38  0 samples  published: ['DEN']
  12:41:53  0 samples  published: ['DEN']
  12:42:08  0 samples  published: ['DEN']
  12:42:24  0 samples  published: ['DEN']
  12:42:39  0 samples  published: ['DEN']
  12:42:54  0 samples  published: ['DEN']
  12:43:09  0 samples  published: ['DEN']
  12:43:24  0 samples  published: ['DEN']
  12:43:40  0 samples  published: ['DEN']
  12:43:55  0 samples  published: ['DEN']
  12:44:11  0 samples  published: ['DEN']
  12:44:26  0 samples  published: ['DEN']
  12:44:41  0 samples  published: ['DEN']
  12:44:56  0 samples  published: ['DEN']

wrote /home/velocity101/trading-lab/data/weather/gap_watch.csv
watching DEN for 25 min, sampling every 15s
Ctrl-C to stop early; data is written continuously.

  *** DEN CLI PUBLISHED 2026-09-08 max 86F at 2026-09-09T07:31
  12:20:01  0 samples  published: ['DEN']
  12:20:17  0 samples  published: ['DEN']
  12:20:32  0 samples  published: ['DEN']
  12:20:47  0 samples  published: ['DEN']
  12:21:03  0 samples  published: ['DEN']
  12:21:18  0 samples  published: ['DEN']
  12:21:33  0 samples  published: ['DEN']
  12:21:49  0 samples  published: ['DEN']
  12:22:04  0 samples  published: ['DEN']
  12:22:19  0 samples  published: ['DEN']
  12:22:34  0 samples  published: ['DEN']
  12:22:50  0 samples  published: ['DEN']
  12:23:05  0 samples  published: ['DEN']
  12:23:20  0 samples  published: ['DEN']
  12:23:35  0 samples  published: ['DEN']
  12:23:51  0 samples  published: ['DEN']
  12:24:06  0 samples  published: ['DEN']
  12:24:21  0 samples  published: ['DEN']
  12:24:36  0 samples  published: ['DEN']
  12:24:52  0 samples  published: ['DEN']
  12:25:07  0 samples  published: ['DEN']
  12:25:22  0 samples  published: ['DEN']
  12:25:37  0 samples  published: ['DEN']
  12:25:58  0 samples  published: ['DEN']
  12:26:13  0 samples  published: ['DEN']
  12:26:28  0 samples  published: ['DEN']
  12:26:44  0 samples  published: ['DEN']
  12:26:59  0 samples  published: ['DEN']
  12:27:14  0 samples  published: ['DEN']
  12:27:30  0 samples  published: ['DEN']
  12:27:45  0 samples  published: ['DEN']
  12:28:00  0 samples  published: ['DEN']
  12:28:16  0 samples  published: ['DEN']
  12:28:31  0 samples  published: ['DEN']
  12:28:46  0 samples  published: ['DEN']
  12:29:01  0 samples  published: ['DEN']
  12:29:17  0 samples  published: ['DEN']
  12:29:32  0 samples  published: ['DEN']
  12:29:47  0 samples  published: ['DEN']
  12:30:03  0 samples  published: ['DEN']
  12:30:18  0 samples  published: ['DEN']
  12:30:33  0 samples  published: ['DEN']
  12:30:49  0 samples  published: ['DEN']
  12:31:04  0 samples  published: ['DEN']
  12:31:19  0 samples  published: ['DEN']
  12:31:34  0 samples  published: ['DEN']
  12:31:50  0 samples  published: ['DEN']
  12:32:05  0 samples  published: ['DEN']
  12:32:20  0 samples  published: ['DEN']
  12:32:35  0 samples  published: ['DEN']
  12:32:51  0 samples  published: ['DEN']
  12:33:06  0 samples  published: ['DEN']
  12:33:21  0 samples  published: ['DEN']
  12:33:37  0 samples  published: ['DEN']
  12:33:52  0 samples  published: ['DEN']
  12:34:07  0 samples  published: ['DEN']
  12:34:23  0 samples  published: ['DEN']
  12:34:38  0 samples  published: ['DEN']
  12:34:53  0 samples  published: ['DEN']
  12:35:09  0 samples  published: ['DEN']
  12:35:24  0 samples  published: ['DEN']
  12:35:39  0 samples  published: ['DEN']
  12:35:54  0 samples  published: ['DEN']
  12:36:10  0 samples  published: ['DEN']
  12:36:25  0 samples  published: ['DEN']
  12:36:40  0 samples  published: ['DEN']
  12:36:56  0 samples  published: ['DEN']
  12:37:11  0 samples  published: ['DEN']
  12:37:26  0 samples  published: ['DEN']
  12:37:42  0 samples  published: ['DEN']
  12:37:57  0 samples  published: ['DEN']
  12:38:12  0 samples  published: ['DEN']
  12:38:28  0 samples  published: ['DEN']
  12:38:43  0 samples  published: ['DEN']
  12:38:58  0 samples  published: ['DEN']
  12:39:13  0 samples  published: ['DEN']
  12:39:29  0 samples  published: ['DEN']
  12:39:44  0 samples  published: ['DEN']
  12:39:59  0 samples  published: ['DEN']
  12:40:15  0 samples  published: ['DEN']
  12:40:30  0 samples  published: ['DEN']
  12:40:45  0 samples  published: ['DEN']
  12:41:01  0 samples  published: ['DEN']
  12:41:16  0 samples  published: ['DEN']
  12:41:31  0 samples  published: ['DEN']
  12:41:46  0 samples  published: ['DEN']
  12:42:02  0 samples  published: ['DEN']
  12:42:17  0 samples  published: ['DEN']
  12:42:32  0 samples  published: ['DEN']
  12:42:48  0 samples  published: ['DEN']
  12:43:03  0 samples  published: ['DEN']
  12:43:18  0 samples  published: ['DEN']
  12:43:34  0 samples  published: ['DEN']
  12:43:49  0 samples  published: ['DEN']
  12:44:04  0 samples  published: ['DEN']
  12:44:19  0 samples  published: ['DEN']
  12:44:35  0 samples  published: ['DEN']
  12:44:50  0 samples  published: ['DEN']

wrote /home/velocity101/trading-lab/data/weather/gap_watch.csv
watching DEN for 25 min, sampling every 15s
Ctrl-C to stop early; data is written continuously.

  *** DEN CLI PUBLISHED 2026-09-09 max 82F at 2026-09-10T07:32
  12:20:01  0 samples  published: ['DEN']
  12:20:17  0 samples  published: ['DEN']
  12:20:33  0 samples  published: ['DEN']
  12:20:48  0 samples  published: ['DEN']
  12:21:03  0 samples  published: ['DEN']
  12:21:19  0 samples  published: ['DEN']
  12:21:34  0 samples  published: ['DEN']
  12:21:50  0 samples  published: ['DEN']
  12:22:05  0 samples  published: ['DEN']
  12:22:20  0 samples  published: ['DEN']
  12:22:36  0 samples  published: ['DEN']
  12:22:51  0 samples  published: ['DEN']
  12:23:06  0 samples  published: ['DEN']
  12:23:22  0 samples  published: ['DEN']
  12:23:37  0 samples  published: ['DEN']
  12:23:52  0 samples  published: ['DEN']
  12:24:08  0 samples  published: ['DEN']
  12:24:23  0 samples  published: ['DEN']
  12:24:38  0 samples  published: ['DEN']
  12:24:54  0 samples  published: ['DEN']
  12:25:09  0 samples  published: ['DEN']
  12:25:24  0 samples  published: ['DEN']
  12:25:40  0 samples  published: ['DEN']
  12:25:55  0 samples  published: ['DEN']
  12:26:11  0 samples  published: ['DEN']
  12:26:26  0 samples  published: ['DEN']
  12:26:41  0 samples  published: ['DEN']
  12:26:56  0 samples  published: ['DEN']
  12:27:12  0 samples  published: ['DEN']
  12:27:27  0 samples  published: ['DEN']
  12:27:43  0 samples  published: ['DEN']
  12:27:58  0 samples  published: ['DEN']
  12:28:13  0 samples  published: ['DEN']
  12:28:29  0 samples  published: ['DEN']
  12:28:44  0 samples  published: ['DEN']
  12:28:59  0 samples  published: ['DEN']
  12:29:15  0 samples  published: ['DEN']
  12:29:30  0 samples  published: ['DEN']
  12:29:45  0 samples  published: ['DEN']
  12:30:01  0 samples  published: ['DEN']
  12:30:16  0 samples  published: ['DEN']
  12:30:31  0 samples  published: ['DEN']
  12:30:47  0 samples  published: ['DEN']
  12:31:02  0 samples  published: ['DEN']
  12:31:17  0 samples  published: ['DEN']
  12:31:33  0 samples  published: ['DEN']
  12:31:48  0 samples  published: ['DEN']
  12:32:04  0 samples  published: ['DEN']
  12:32:19  0 samples  published: ['DEN']
  12:32:34  0 samples  published: ['DEN']
  12:32:50  0 samples  published: ['DEN']
  12:33:05  0 samples  published: ['DEN']
  12:33:20  0 samples  published: ['DEN']
  12:33:36  0 samples  published: ['DEN']
  12:33:51  0 samples  published: ['DEN']
  12:34:06  0 samples  published: ['DEN']
  12:34:22  0 samples  published: ['DEN']
  12:34:37  0 samples  published: ['DEN']
  12:34:52  0 samples  published: ['DEN']
  12:35:08  0 samples  published: ['DEN']
  12:35:23  0 samples  published: ['DEN']
  12:35:38  0 samples  published: ['DEN']
  12:35:54  0 samples  published: ['DEN']
  12:36:09  0 samples  published: ['DEN']
  12:36:25  0 samples  published: ['DEN']
  12:36:40  0 samples  published: ['DEN']
  12:36:55  0 samples  published: ['DEN']
  12:37:10  0 samples  published: ['DEN']
  12:37:26  0 samples  published: ['DEN']
  12:37:41  0 samples  published: ['DEN']
  12:37:57  0 samples  published: ['DEN']
  12:38:12  0 samples  published: ['DEN']
  12:38:27  0 samples  published: ['DEN']
  12:38:48  0 samples  published: ['DEN']
  12:39:03  0 samples  published: ['DEN']
  12:39:18  0 samples  published: ['DEN']
  12:39:34  0 samples  published: ['DEN']
  12:39:49  0 samples  published: ['DEN']
  12:40:04  0 samples  published: ['DEN']
  12:40:19  0 samples  published: ['DEN']
  12:40:35  0 samples  published: ['DEN']
  12:40:50  0 samples  published: ['DEN']
  12:41:05  0 samples  published: ['DEN']
  12:41:21  0 samples  published: ['DEN']
  12:41:36  0 samples  published: ['DEN']
  12:41:51  0 samples  published: ['DEN']
  12:42:07  0 samples  published: ['DEN']
  12:42:22  0 samples  published: ['DEN']
  12:42:37  0 samples  published: ['DEN']
  12:42:52  0 samples  published: ['DEN']
  12:43:08  0 samples  published: ['DEN']
  12:43:23  0 samples  published: ['DEN']
  12:43:38  0 samples  published: ['DEN']
  12:43:54  0 samples  published: ['DEN']
  12:44:09  0 samples  published: ['DEN']
  12:44:24  0 samples  published: ['DEN']
  12:44:39  0 samples  published: ['DEN']
  12:44:55  0 samples  published: ['DEN']

wrote /home/velocity101/trading-lab/data/weather/gap_watch.csv
watching DEN for 25 min, sampling every 15s
Ctrl-C to stop early; data is written continuously.

  *** DEN CLI PUBLISHED 2026-09-10 max 89F at 2026-09-11T07:37
  12:20:01  0 samples  published: ['DEN']
  12:20:16  0 samples  published: ['DEN']
  12:20:31  0 samples  published: ['DEN']
  12:20:47  0 samples  published: ['DEN']
  12:21:02  0 samples  published: ['DEN']
  12:21:17  0 samples  published: ['DEN']
  12:21:33  0 samples  published: ['DEN']
  12:21:48  0 samples  published: ['DEN']
  12:22:03  0 samples  published: ['DEN']
  12:22:18  0 samples  published: ['DEN']
  12:22:34  0 samples  published: ['DEN']
  12:22:49  0 samples  published: ['DEN']
  12:23:04  0 samples  published: ['DEN']
  12:23:20  0 samples  published: ['DEN']
  12:23:35  0 samples  published: ['DEN']
  12:23:50  0 samples  published: ['DEN']
  12:24:05  0 samples  published: ['DEN']
  12:24:20  0 samples  published: ['DEN']
  12:24:36  0 samples  published: ['DEN']
  12:24:51  0 samples  published: ['DEN']
  12:25:06  0 samples  published: ['DEN']
  12:25:21  0 samples  published: ['DEN']
  12:25:37  0 samples  published: ['DEN']
  12:25:52  0 samples  published: ['DEN']
  12:26:07  0 samples  published: ['DEN']
  12:26:22  0 samples  published: ['DEN']
  12:26:38  0 samples  published: ['DEN']
  12:26:53  0 samples  published: ['DEN']
  12:27:08  0 samples  published: ['DEN']
  12:27:23  0 samples  published: ['DEN']
  12:27:38  0 samples  published: ['DEN']
  12:27:54  0 samples  published: ['DEN']
  12:28:09  0 samples  published: ['DEN']
  12:28:24  0 samples  published: ['DEN']
  12:28:40  0 samples  published: ['DEN']
  12:28:55  0 samples  published: ['DEN']
  12:29:10  0 samples  published: ['DEN']
  12:29:25  0 samples  published: ['DEN']
  12:29:40  0 samples  published: ['DEN']
  12:29:56  0 samples  published: ['DEN']
  12:30:11  0 samples  published: ['DEN']
  12:30:26  0 samples  published: ['DEN']
  12:30:41  0 samples  published: ['DEN']
  12:30:57  0 samples  published: ['DEN']
  12:31:12  0 samples  published: ['DEN']
  12:31:27  0 samples  published: ['DEN']
  12:31:42  0 samples  published: ['DEN']
  12:31:58  0 samples  published: ['DEN']
  12:32:13  0 samples  published: ['DEN']
  12:32:28  0 samples  published: ['DEN']
  12:32:43  0 samples  published: ['DEN']
  12:32:58  0 samples  published: ['DEN']
  12:33:14  0 samples  published: ['DEN']
  12:33:29  0 samples  published: ['DEN']
  12:33:44  0 samples  published: ['DEN']
  12:33:59  0 samples  published: ['DEN']
  12:34:15  0 samples  published: ['DEN']
  12:34:30  0 samples  published: ['DEN']
  12:34:45  0 samples  published: ['DEN']
  12:35:00  0 samples  published: ['DEN']
  12:35:16  0 samples  published: ['DEN']
  12:35:31  0 samples  published: ['DEN']
  12:35:46  0 samples  published: ['DEN']
  12:36:01  0 samples  published: ['DEN']
  12:36:16  0 samples  published: ['DEN']
  12:36:32  0 samples  published: ['DEN']
  12:36:47  0 samples  published: ['DEN']
  12:37:02  0 samples  published: ['DEN']
  12:37:17  0 samples  published: ['DEN']
  12:37:38  0 samples  published: ['DEN']
  12:37:53  0 samples  published: ['DEN']
  12:38:08  0 samples  published: ['DEN']
  12:38:23  0 samples  published: ['DEN']
  12:38:39  0 samples  published: ['DEN']
  12:38:54  0 samples  published: ['DEN']
  12:39:09  0 samples  published: ['DEN']
  12:39:25  0 samples  published: ['DEN']
  12:39:40  0 samples  published: ['DEN']
  12:39:55  0 samples  published: ['DEN']
  12:40:10  0 samples  published: ['DEN']
  12:40:26  0 samples  published: ['DEN']
  12:40:41  0 samples  published: ['DEN']
  12:40:56  0 samples  published: ['DEN']
  12:41:11  0 samples  published: ['DEN']
  12:41:27  0 samples  published: ['DEN']
  12:41:42  0 samples  published: ['DEN']
  12:41:57  0 samples  published: ['DEN']
  12:42:13  0 samples  published: ['DEN']
  12:42:28  0 samples  published: ['DEN']
  12:42:43  0 samples  published: ['DEN']
  12:42:58  0 samples  published: ['DEN']
  12:43:14  0 samples  published: ['DEN']
  12:43:29  0 samples  published: ['DEN']
  12:43:44  0 samples  published: ['DEN']
  12:43:59  0 samples  published: ['DEN']
  12:44:15  0 samples  published: ['DEN']
  12:44:30  0 samples  published: ['DEN']
  12:44:45  0 samples  published: ['DEN']
  12:45:00  0 samples  published: ['DEN']

wrote /home/velocity101/trading-lab/data/weather/gap_watch.csv
watching DEN for 25 min, sampling every 15s
Ctrl-C to stop early; data is written continuously.

  *** DEN CLI PUBLISHED 2026-09-11 max 89F at 2026-09-12T07:34
  12:20:01  0 samples  published: ['DEN']
  12:20:17  0 samples  published: ['DEN']
  12:20:32  0 samples  published: ['DEN']
  12:20:47  0 samples  published: ['DEN']
  12:21:03  0 samples  published: ['DEN']
  12:21:18  0 samples  published: ['DEN']
  12:21:33  0 samples  published: ['DEN']
  12:21:49  0 samples  published: ['DEN']
  12:22:04  0 samples  published: ['DEN']
  12:22:19  0 samples  published: ['DEN']
  12:22:34  0 samples  published: ['DEN']
  12:22:50  0 samples  published: ['DEN']
  12:23:05  0 samples  published: ['DEN']
  12:23:20  0 samples  published: ['DEN']
  12:23:35  0 samples  published: ['DEN']
  12:23:51  0 samples  published: ['DEN']
  12:24:06  0 samples  published: ['DEN']
  12:24:21  0 samples  published: ['DEN']
  12:24:36  0 samples  published: ['DEN']
  12:24:52  0 samples  published: ['DEN']
  12:25:07  0 samples  published: ['DEN']
  12:25:22  0 samples  published: ['DEN']
  12:25:37  0 samples  published: ['DEN']
  12:25:58  0 samples  published: ['DEN']
  12:26:13  0 samples  published: ['DEN']
  12:26:28  0 samples  published: ['DEN']
  12:26:44  0 samples  published: ['DEN']
  12:26:59  0 samples  published: ['DEN']
  12:27:14  0 samples  published: ['DEN']
  12:27:29  0 samples  published: ['DEN']
  12:27:45  0 samples  published: ['DEN']
  12:28:00  0 samples  published: ['DEN']
  12:28:15  0 samples  published: ['DEN']
  12:28:31  0 samples  published: ['DEN']
  12:28:46  0 samples  published: ['DEN']
  12:29:01  0 samples  published: ['DEN']
  12:29:16  0 samples  published: ['DEN']
  12:29:32  0 samples  published: ['DEN']
  12:29:47  0 samples  published: ['DEN']
  12:30:02  0 samples  published: ['DEN']
  12:30:18  0 samples  published: ['DEN']
  12:30:33  0 samples  published: ['DEN']
  12:30:48  0 samples  published: ['DEN']
  12:31:03  0 samples  published: ['DEN']
  12:31:19  0 samples  published: ['DEN']
  12:31:34  0 samples  published: ['DEN']
  12:31:49  0 samples  published: ['DEN']
  12:32:05  0 samples  published: ['DEN']
  12:32:20  0 samples  published: ['DEN']
  12:32:35  0 samples  published: ['DEN']
  12:32:50  0 samples  published: ['DEN']
  12:33:06  0 samples  published: ['DEN']
  12:33:21  0 samples  published: ['DEN']
  12:33:36  0 samples  published: ['DEN']
  12:33:52  0 samples  published: ['DEN']
  12:34:07  0 samples  published: ['DEN']
  12:34:22  0 samples  published: ['DEN']
  12:34:37  0 samples  published: ['DEN']
  12:34:53  0 samples  published: ['DEN']
  12:35:08  0 samples  published: ['DEN']
  12:35:23  0 samples  published: ['DEN']
  12:35:39  0 samples  published: ['DEN']
  12:35:54  0 samples  published: ['DEN']
  12:36:09  0 samples  published: ['DEN']
  12:36:24  0 samples  published: ['DEN']
  12:36:40  0 samples  published: ['DEN']
  12:36:55  0 samples  published: ['DEN']
  12:37:10  0 samples  published: ['DEN']
  12:37:26  0 samples  published: ['DEN']
  12:37:41  0 samples  published: ['DEN']
  12:37:56  0 samples  published: ['DEN']
  12:38:11  0 samples  published: ['DEN']
  12:38:27  0 samples  published: ['DEN']
  12:38:42  0 samples  published: ['DEN']
  12:38:57  0 samples  published: ['DEN']
  12:39:13  0 samples  published: ['DEN']
  12:39:28  0 samples  published: ['DEN']
  12:39:43  0 samples  published: ['DEN']
  12:39:58  0 samples  published: ['DEN']
  12:40:14  0 samples  published: ['DEN']
  12:40:29  0 samples  published: ['DEN']
  12:40:44  0 samples  published: ['DEN']
  12:41:00  0 samples  published: ['DEN']
  12:41:15  0 samples  published: ['DEN']
  12:41:30  0 samples  published: ['DEN']
  12:41:45  0 samples  published: ['DEN']
  12:42:01  0 samples  published: ['DEN']
  12:42:16  0 samples  published: ['DEN']
  12:42:31  0 samples  published: ['DEN']
  12:42:47  0 samples  published: ['DEN']
  12:43:02  0 samples  published: ['DEN']
  12:43:17  0 samples  published: ['DEN']
  12:43:33  0 samples  published: ['DEN']
  12:43:48  0 samples  published: ['DEN']
  12:44:03  0 samples  published: ['DEN']
  12:44:19  0 samples  published: ['DEN']
  12:44:34  0 samples  published: ['DEN']
  12:44:49  0 samples  published: ['DEN']

wrote /home/velocity101/trading-lab/data/weather/gap_watch.csv
watching DEN for 25 min, sampling every 15s
Ctrl-C to stop early; data is written continuously.

  *** DEN CLI PUBLISHED 2026-09-12 max 79F at 2026-09-13T07:35
  12:20:01  0 samples  published: ['DEN']
  12:20:16  0 samples  published: ['DEN']
  12:20:32  0 samples  published: ['DEN']
  12:20:47  0 samples  published: ['DEN']
  12:21:02  0 samples  published: ['DEN']
  12:21:17  0 samples  published: ['DEN']
  12:21:33  0 samples  published: ['DEN']
  12:21:48  0 samples  published: ['DEN']
  12:22:03  0 samples  published: ['DEN']
  12:22:19  0 samples  published: ['DEN']
  12:22:34  0 samples  published: ['DEN']
  12:22:49  0 samples  published: ['DEN']
  12:23:04  0 samples  published: ['DEN']
  12:23:20  0 samples  published: ['DEN']
  12:23:35  0 samples  published: ['DEN']
  12:23:50  0 samples  published: ['DEN']
  12:24:05  0 samples  published: ['DEN']
  12:24:20  0 samples  published: ['DEN']
  12:24:36  0 samples  published: ['DEN']
  12:24:51  0 samples  published: ['DEN']
  12:25:06  0 samples  published: ['DEN']
  12:25:22  0 samples  published: ['DEN']
  12:25:37  0 samples  published: ['DEN']
  12:25:52  0 samples  published: ['DEN']
  12:26:07  0 samples  published: ['DEN']
  12:26:28  0 samples  published: ['DEN']
  12:26:43  0 samples  published: ['DEN']
  12:26:58  0 samples  published: ['DEN']
  12:27:13  0 samples  published: ['DEN']
  12:27:29  0 samples  published: ['DEN']
  12:27:44  0 samples  published: ['DEN']
  12:27:59  0 samples  published: ['DEN']
  12:28:15  0 samples  published: ['DEN']
  12:28:30  0 samples  published: ['DEN']
  12:28:45  0 samples  published: ['DEN']
  12:29:01  0 samples  published: ['DEN']
  12:29:16  0 samples  published: ['DEN']
  12:29:31  0 samples  published: ['DEN']
  12:29:46  0 samples  published: ['DEN']
  12:30:02  0 samples  published: ['DEN']
  12:30:17  0 samples  published: ['DEN']
  12:30:32  0 samples  published: ['DEN']
  12:30:48  0 samples  published: ['DEN']
  12:31:03  0 samples  published: ['DEN']
  12:31:19  0 samples  published: ['DEN']
  12:31:34  0 samples  published: ['DEN']
  12:31:49  0 samples  published: ['DEN']
  12:32:04  0 samples  published: ['DEN']
  12:32:20  0 samples  published: ['DEN']
  12:32:35  0 samples  published: ['DEN']
  12:32:50  0 samples  published: ['DEN']
  12:33:06  0 samples  published: ['DEN']
  12:33:21  0 samples  published: ['DEN']
  12:33:36  0 samples  published: ['DEN']
  12:33:52  0 samples  published: ['DEN']
  12:34:07  0 samples  published: ['DEN']
  12:34:22  0 samples  published: ['DEN']
  12:34:37  0 samples  published: ['DEN']
  12:34:58  0 samples  published: ['DEN']
  12:35:13  0 samples  published: ['DEN']
  12:35:28  0 samples  published: ['DEN']
  12:35:43  0 samples  published: ['DEN']
  12:35:59  0 samples  published: ['DEN']
  12:36:14  0 samples  published: ['DEN']
  12:36:29  0 samples  published: ['DEN']
  12:36:44  0 samples  published: ['DEN']
  12:37:00  0 samples  published: ['DEN']
  12:37:15  0 samples  published: ['DEN']
  12:37:30  0 samples  published: ['DEN']
  12:37:45  0 samples  published: ['DEN']
  12:38:01  0 samples  published: ['DEN']
  12:38:16  0 samples  published: ['DEN']
  12:38:31  0 samples  published: ['DEN']
  12:38:46  0 samples  published: ['DEN']
  12:39:02  0 samples  published: ['DEN']
  12:39:17  0 samples  published: ['DEN']
  12:39:32  0 samples  published: ['DEN']
  12:39:47  0 samples  published: ['DEN']
  12:40:03  0 samples  published: ['DEN']
  12:40:18  0 samples  published: ['DEN']
  12:40:33  0 samples  published: ['DEN']
  12:40:48  0 samples  published: ['DEN']
  12:41:04  0 samples  published: ['DEN']
  12:41:19  0 samples  published: ['DEN']
  12:41:34  0 samples  published: ['DEN']
  12:41:50  0 samples  published: ['DEN']
  12:42:05  0 samples  published: ['DEN']
  12:42:20  0 samples  published: ['DEN']
  12:42:35  0 samples  published: ['DEN']
  12:42:51  0 samples  published: ['DEN']
  12:43:06  0 samples  published: ['DEN']
  12:43:21  0 samples  published: ['DEN']
  12:43:37  0 samples  published: ['DEN']
  12:43:52  0 samples  published: ['DEN']
  12:44:07  0 samples  published: ['DEN']
  12:44:22  0 samples  published: ['DEN']
  12:44:38  0 samples  published: ['DEN']
  12:44:53  0 samples  published: ['DEN']

wrote /home/velocity101/trading-lab/data/weather/gap_watch.csv
watching DEN for 25 min, sampling every 15s
Ctrl-C to stop early; data is written continuously.

  *** DEN CLI PUBLISHED 2026-09-13 max 94F at 2026-09-14T07:32
  12:20:01  0 samples  published: ['DEN']
  12:20:17  0 samples  published: ['DEN']
  12:20:32  0 samples  published: ['DEN']
  12:20:47  0 samples  published: ['DEN']
  12:21:03  0 samples  published: ['DEN']
  12:21:18  0 samples  published: ['DEN']
  12:21:33  0 samples  published: ['DEN']
  12:21:48  0 samples  published: ['DEN']
  12:22:04  0 samples  published: ['DEN']
  12:22:19  0 samples  published: ['DEN']
  12:22:34  0 samples  published: ['DEN']
  12:22:50  0 samples  published: ['DEN']
  12:23:05  0 samples  published: ['DEN']
  12:23:20  0 samples  published: ['DEN']
  12:23:36  0 samples  published: ['DEN']
  12:23:51  0 samples  published: ['DEN']
  12:24:06  0 samples  published: ['DEN']
  12:24:22  0 samples  published: ['DEN']
  12:24:37  0 samples  published: ['DEN']
  12:24:52  0 samples  published: ['DEN']
  12:25:08  0 samples  published: ['DEN']
  12:25:23  0 samples  published: ['DEN']
  12:25:38  0 samples  published: ['DEN']
  12:25:53  0 samples  published: ['DEN']
  12:26:09  0 samples  published: ['DEN']
  12:26:24  0 samples  published: ['DEN']
  12:26:39  0 samples  published: ['DEN']
  12:26:55  0 samples  published: ['DEN']
  12:27:10  0 samples  published: ['DEN']
  12:27:25  0 samples  published: ['DEN']
  12:27:40  0 samples  published: ['DEN']
  12:27:56  0 samples  published: ['DEN']
  12:28:11  0 samples  published: ['DEN']
  12:28:26  0 samples  published: ['DEN']
  12:28:42  0 samples  published: ['DEN']
  12:28:57  0 samples  published: ['DEN']
  12:29:12  0 samples  published: ['DEN']
  12:29:28  0 samples  published: ['DEN']
  12:29:43  0 samples  published: ['DEN']
  12:29:58  0 samples  published: ['DEN']
  12:30:14  0 samples  published: ['DEN']
  12:30:29  0 samples  published: ['DEN']
  12:30:44  0 samples  published: ['DEN']
  12:31:00  0 samples  published: ['DEN']
  12:31:15  0 samples  published: ['DEN']
  12:31:30  0 samples  published: ['DEN']
  12:31:45  0 samples  published: ['DEN']
  12:32:01  0 samples  published: ['DEN']
  12:32:16  0 samples  published: ['DEN']
  12:32:31  0 samples  published: ['DEN']
  12:32:47  0 samples  published: ['DEN']
  12:33:02  0 samples  published: ['DEN']
  12:33:17  0 samples  published: ['DEN']
  12:33:33  0 samples  published: ['DEN']
  12:33:48  0 samples  published: ['DEN']
  12:34:03  0 samples  published: ['DEN']
  12:34:19  0 samples  published: ['DEN']
  12:34:34  0 samples  published: ['DEN']
  12:34:49  0 samples  published: ['DEN']
  12:35:05  0 samples  published: ['DEN']
  12:35:20  0 samples  published: ['DEN']
  12:35:35  0 samples  published: ['DEN']
  12:35:51  0 samples  published: ['DEN']
  12:36:06  0 samples  published: ['DEN']
  12:36:21  0 samples  published: ['DEN']
  12:36:36  0 samples  published: ['DEN']
  12:36:52  0 samples  published: ['DEN']
  12:37:07  0 samples  published: ['DEN']
  12:37:22  0 samples  published: ['DEN']
  12:37:38  0 samples  published: ['DEN']
  12:37:53  0 samples  published: ['DEN']
  12:38:08  0 samples  published: ['DEN']
  12:38:23  0 samples  published: ['DEN']
  12:38:39  0 samples  published: ['DEN']
  12:38:54  0 samples  published: ['DEN']
  12:39:09  0 samples  published: ['DEN']
  12:39:25  0 samples  published: ['DEN']
  12:39:40  0 samples  published: ['DEN']
  12:39:55  0 samples  published: ['DEN']
  12:40:11  0 samples  published: ['DEN']
  12:40:26  0 samples  published: ['DEN']
  12:40:41  0 samples  published: ['DEN']
  12:40:57  0 samples  published: ['DEN']
  12:41:12  0 samples  published: ['DEN']
  12:41:27  0 samples  published: ['DEN']
  12:41:43  0 samples  published: ['DEN']
  12:41:58  0 samples  published: ['DEN']
  12:42:13  0 samples  published: ['DEN']
  12:42:29  0 samples  published: ['DEN']
  12:42:44  0 samples  published: ['DEN']
  12:42:59  0 samples  published: ['DEN']
  12:43:14  0 samples  published: ['DEN']
  12:43:30  0 samples  published: ['DEN']
  12:43:45  0 samples  published: ['DEN']
  12:44:00  0 samples  published: ['DEN']
  12:44:16  0 samples  published: ['DEN']
  12:44:31  0 samples  published: ['DEN']
  12:44:46  0 samples  published: ['DEN']

wrote /home/velocity101/trading-lab/data/weather/gap_watch.csv
watching DEN for 25 min, sampling every 15s
Ctrl-C to stop early; data is written continuously.

  *** DEN CLI PUBLISHED 2026-09-14 max 88F at 2026-09-15T07:33
  12:20:01  0 samples  published: ['DEN']
  12:20:18  0 samples  published: ['DEN']
  12:20:33  0 samples  published: ['DEN']
  12:20:49  0 samples  published: ['DEN']
  12:21:04  0 samples  published: ['DEN']
  12:21:19  0 samples  published: ['DEN']
  12:21:34  0 samples  published: ['DEN']
  12:21:50  0 samples  published: ['DEN']
  12:22:05  0 samples  published: ['DEN']
  12:22:20  0 samples  published: ['DEN']
  12:22:35  0 samples  published: ['DEN']
  12:22:51  0 samples  published: ['DEN']
  12:23:06  0 samples  published: ['DEN']
  12:23:21  0 samples  published: ['DEN']
  12:23:36  0 samples  published: ['DEN']
  12:23:51  0 samples  published: ['DEN']
  12:24:07  0 samples  published: ['DEN']
  12:24:22  0 samples  published: ['DEN']
  12:24:37  0 samples  published: ['DEN']
  12:24:52  0 samples  published: ['DEN']
  12:25:08  0 samples  published: ['DEN']
  12:25:23  0 samples  published: ['DEN']
  12:25:38  0 samples  published: ['DEN']
  12:25:53  0 samples  published: ['DEN']
  12:26:09  0 samples  published: ['DEN']
  12:26:24  0 samples  published: ['DEN']
  12:26:39  0 samples  published: ['DEN']
  12:26:54  0 samples  published: ['DEN']
  12:27:09  0 samples  published: ['DEN']
  12:27:25  0 samples  published: ['DEN']
  12:27:40  0 samples  published: ['DEN']
  12:27:55  0 samples  published: ['DEN']
  12:28:10  0 samples  published: ['DEN']
  12:28:26  0 samples  published: ['DEN']
  12:28:41  0 samples  published: ['DEN']
  12:28:56  0 samples  published: ['DEN']
  12:29:11  0 samples  published: ['DEN']
  12:29:26  0 samples  published: ['DEN']
  12:29:42  0 samples  published: ['DEN']
  12:29:57  0 samples  published: ['DEN']
  12:30:12  0 samples  published: ['DEN']
  12:30:27  0 samples  published: ['DEN']
  12:30:43  0 samples  published: ['DEN']
  12:30:58  0 samples  published: ['DEN']
  12:31:13  0 samples  published: ['DEN']
  12:31:28  0 samples  published: ['DEN']
  12:31:44  0 samples  published: ['DEN']
  12:31:59  0 samples  published: ['DEN']
  12:32:14  0 samples  published: ['DEN']
  12:32:29  0 samples  published: ['DEN']
  12:32:45  0 samples  published: ['DEN']
  12:33:00  0 samples  published: ['DEN']
  12:33:15  0 samples  published: ['DEN']
  12:33:30  0 samples  published: ['DEN']
  12:33:46  0 samples  published: ['DEN']
  12:34:01  0 samples  published: ['DEN']
  12:34:16  0 samples  published: ['DEN']
  12:34:31  0 samples  published: ['DEN']
  12:34:47  0 samples  published: ['DEN']
  12:35:02  0 samples  published: ['DEN']
  12:35:17  0 samples  published: ['DEN']
  12:35:32  0 samples  published: ['DEN']
  12:35:48  0 samples  published: ['DEN']
  12:36:03  0 samples  published: ['DEN']
  12:36:18  0 samples  published: ['DEN']
  12:36:33  0 samples  published: ['DEN']
  12:36:49  0 samples  published: ['DEN']
  12:37:04  0 samples  published: ['DEN']
  12:37:19  0 samples  published: ['DEN']
  12:37:34  0 samples  published: ['DEN']
  12:37:49  0 samples  published: ['DEN']
  12:38:05  0 samples  published: ['DEN']
  12:38:20  0 samples  published: ['DEN']
  12:38:35  0 samples  published: ['DEN']
  12:38:50  0 samples  published: ['DEN']
  12:39:06  0 samples  published: ['DEN']
  12:39:21  0 samples  published: ['DEN']
  12:39:36  0 samples  published: ['DEN']
  12:39:51  0 samples  published: ['DEN']
  12:40:06  0 samples  published: ['DEN']
  12:40:22  0 samples  published: ['DEN']
  12:40:37  0 samples  published: ['DEN']
  12:40:52  0 samples  published: ['DEN']
  12:41:07  0 samples  published: ['DEN']
  12:41:23  0 samples  published: ['DEN']
  12:41:38  0 samples  published: ['DEN']
  12:41:53  0 samples  published: ['DEN']
  12:42:08  0 samples  published: ['DEN']
  12:42:24  0 samples  published: ['DEN']
  12:42:39  0 samples  published: ['DEN']
  12:42:54  0 samples  published: ['DEN']
  12:43:09  0 samples  published: ['DEN']
  12:43:24  0 samples  published: ['DEN']
  12:43:40  0 samples  published: ['DEN']
  12:43:55  0 samples  published: ['DEN']
  12:44:10  0 samples  published: ['DEN']
  12:44:25  0 samples  published: ['DEN']
  12:44:40  0 samples  published: ['DEN']
  12:44:56  0 samples  published: ['DEN']

wrote /home/velocity101/trading-lab/data/weather/gap_watch.csv
watching DEN for 25 min, sampling every 15s
Ctrl-C to stop early; data is written continuously.

  *** DEN CLI PUBLISHED 2026-09-15 max 71F at 2026-09-16T07:38
  12:20:01  0 samples  published: ['DEN']
  12:20:17  0 samples  published: ['DEN']
  12:20:33  0 samples  published: ['DEN']
  12:20:48  0 samples  published: ['DEN']
  12:21:03  0 samples  published: ['DEN']
  12:21:19  0 samples  published: ['DEN']
  12:21:34  0 samples  published: ['DEN']
  12:21:49  0 samples  published: ['DEN']
  12:22:04  0 samples  published: ['DEN']
  12:22:20  0 samples  published: ['DEN']
  12:22:35  0 samples  published: ['DEN']
  12:22:50  0 samples  published: ['DEN']
  12:23:05  0 samples  published: ['DEN']
  12:23:21  0 samples  published: ['DEN']
  12:23:36  0 samples  published: ['DEN']
  12:23:51  0 samples  published: ['DEN']
  12:24:07  0 samples  published: ['DEN']
  12:24:22  0 samples  published: ['DEN']
  12:24:37  0 samples  published: ['DEN']
  12:24:53  0 samples  published: ['DEN']
  12:25:08  0 samples  published: ['DEN']
  12:25:23  0 samples  published: ['DEN']
  12:25:38  0 samples  published: ['DEN']
  12:25:54  0 samples  published: ['DEN']
  12:26:09  0 samples  published: ['DEN']
  12:26:24  0 samples  published: ['DEN']
  12:26:40  0 samples  published: ['DEN']
  12:26:55  0 samples  published: ['DEN']
  12:27:10  0 samples  published: ['DEN']
  12:27:25  0 samples  published: ['DEN']
  12:27:41  0 samples  published: ['DEN']
  12:27:56  0 samples  published: ['DEN']
  12:28:11  0 samples  published: ['DEN']
  12:28:27  0 samples  published: ['DEN']
  12:28:42  0 samples  published: ['DEN']
  12:28:57  0 samples  published: ['DEN']
  12:29:13  0 samples  published: ['DEN']
  12:29:28  0 samples  published: ['DEN']
  12:29:43  0 samples  published: ['DEN']
  12:29:58  0 samples  published: ['DEN']
  12:30:14  0 samples  published: ['DEN']
  12:30:29  0 samples  published: ['DEN']
  12:30:44  0 samples  published: ['DEN']
  12:30:59  0 samples  published: ['DEN']
  12:31:15  0 samples  published: ['DEN']
  12:31:30  0 samples  published: ['DEN']
  12:31:45  0 samples  published: ['DEN']
  12:32:01  0 samples  published: ['DEN']
  12:32:16  0 samples  published: ['DEN']
  12:32:31  0 samples  published: ['DEN']
  12:32:46  0 samples  published: ['DEN']
  12:33:02  0 samples  published: ['DEN']
  12:33:17  0 samples  published: ['DEN']
  12:33:32  0 samples  published: ['DEN']
  12:33:47  0 samples  published: ['DEN']
  12:34:03  0 samples  published: ['DEN']
  12:34:18  0 samples  published: ['DEN']
  12:34:33  0 samples  published: ['DEN']
  12:34:49  0 samples  published: ['DEN']
  12:35:04  0 samples  published: ['DEN']
  12:35:19  0 samples  published: ['DEN']
  12:35:35  0 samples  published: ['DEN']
  12:35:50  0 samples  published: ['DEN']
  12:36:05  0 samples  published: ['DEN']
  12:36:20  0 samples  published: ['DEN']
  12:36:36  0 samples  published: ['DEN']
  12:36:51  0 samples  published: ['DEN']
  12:37:06  0 samples  published: ['DEN']
  12:37:21  0 samples  published: ['DEN']
  12:37:37  0 samples  published: ['DEN']
  12:37:52  0 samples  published: ['DEN']
  12:38:07  0 samples  published: ['DEN']
  12:38:23  0 samples  published: ['DEN']
  12:38:38  0 samples  published: ['DEN']
  12:38:53  0 samples  published: ['DEN']
  12:39:08  0 samples  published: ['DEN']
  12:39:24  0 samples  published: ['DEN']
  12:39:39  0 samples  published: ['DEN']
  12:39:54  0 samples  published: ['DEN']
  12:40:10  0 samples  published: ['DEN']
  12:40:25  0 samples  published: ['DEN']
  12:40:40  0 samples  published: ['DEN']
  12:40:56  0 samples  published: ['DEN']
  12:41:11  0 samples  published: ['DEN']
  12:41:26  0 samples  published: ['DEN']
  12:41:41  0 samples  published: ['DEN']
  12:41:57  0 samples  published: ['DEN']
  12:42:12  0 samples  published: ['DEN']
  12:42:27  0 samples  published: ['DEN']
  12:42:42  0 samples  published: ['DEN']
  12:42:58  0 samples  published: ['DEN']
  12:43:13  0 samples  published: ['DEN']
  12:43:28  0 samples  published: ['DEN']
  12:43:43  0 samples  published: ['DEN']
  12:43:59  0 samples  published: ['DEN']
  12:44:14  0 samples  published: ['DEN']
  12:44:29  0 samples  published: ['DEN']
  12:44:44  0 samples  published: ['DEN']
  12:45:00  0 samples  published: ['DEN']

wrote /home/velocity101/trading-lab/data/weather/gap_watch.csv
watching DEN for 25 min, sampling every 15s
Ctrl-C to stop early; data is written continuously.

  *** DEN CLI PUBLISHED 2026-09-16 max 83F at 2026-09-17T07:36
  12:20:01  0 samples  published: ['DEN']
  12:20:16  0 samples  published: ['DEN']
  12:20:32  0 samples  published: ['DEN']
  12:20:47  0 samples  published: ['DEN']
  12:21:02  0 samples  published: ['DEN']
  12:21:17  0 samples  published: ['DEN']
  12:21:33  0 samples  published: ['DEN']
  12:21:48  0 samples  published: ['DEN']
  12:22:03  0 samples  published: ['DEN']
  12:22:18  0 samples  published: ['DEN']
  12:22:33  0 samples  published: ['DEN']
  12:22:49  0 samples  published: ['DEN']
  12:23:04  0 samples  published: ['DEN']
  12:23:19  0 samples  published: ['DEN']
  12:23:34  0 samples  published: ['DEN']
  12:23:50  0 samples  published: ['DEN']
  12:24:05  0 samples  published: ['DEN']
  12:24:20  0 samples  published: ['DEN']
  12:24:35  0 samples  published: ['DEN']
  12:24:51  0 samples  published: ['DEN']
  12:25:06  0 samples  published: ['DEN']
  12:25:21  0 samples  published: ['DEN']
  12:25:36  0 samples  published: ['DEN']
  12:25:52  0 samples  published: ['DEN']
  12:26:07  0 samples  published: ['DEN']
  12:26:22  0 samples  published: ['DEN']
  12:26:37  0 samples  published: ['DEN']
  12:26:58  0 samples  published: ['DEN']
  12:27:13  0 samples  published: ['DEN']
  12:27:28  0 samples  published: ['DEN']
  12:27:43  0 samples  published: ['DEN']
  12:27:59  0 samples  published: ['DEN']
  12:28:14  0 samples  published: ['DEN']
  12:28:29  0 samples  published: ['DEN']
  12:28:45  0 samples  published: ['DEN']
  12:29:00  0 samples  published: ['DEN']
  12:29:15  0 samples  published: ['DEN']
  12:29:30  0 samples  published: ['DEN']
  12:29:46  0 samples  published: ['DEN']
  12:30:01  0 samples  published: ['DEN']
  12:30:16  0 samples  published: ['DEN']
  12:30:31  0 samples  published: ['DEN']
  12:30:47  0 samples  published: ['DEN']
  12:31:02  0 samples  published: ['DEN']
  12:31:17  0 samples  published: ['DEN']
  12:31:33  0 samples  published: ['DEN']
  12:31:48  0 samples  published: ['DEN']
  12:32:03  0 samples  published: ['DEN']
  12:32:19  0 samples  published: ['DEN']
  12:32:34  0 samples  published: ['DEN']
  12:32:49  0 samples  published: ['DEN']
  12:33:04  0 samples  published: ['DEN']
  12:33:20  0 samples  published: ['DEN']
  12:33:35  0 samples  published: ['DEN']
  12:33:50  0 samples  published: ['DEN']
  12:34:05  0 samples  published: ['DEN']
  12:34:21  0 samples  published: ['DEN']
  12:34:36  0 samples  published: ['DEN']
  12:34:51  0 samples  published: ['DEN']
  12:35:06  0 samples  published: ['DEN']
  12:35:22  0 samples  published: ['DEN']
  12:35:37  0 samples  published: ['DEN']
  12:35:52  0 samples  published: ['DEN']
  12:36:07  0 samples  published: ['DEN']
  12:36:23  0 samples  published: ['DEN']
  12:36:38  0 samples  published: ['DEN']
  12:36:53  0 samples  published: ['DEN']
  12:37:09  0 samples  published: ['DEN']
  12:37:24  0 samples  published: ['DEN']
  12:37:39  0 samples  published: ['DEN']
  12:37:54  0 samples  published: ['DEN']
  12:38:10  0 samples  published: ['DEN']
  12:38:25  0 samples  published: ['DEN']
  12:38:40  0 samples  published: ['DEN']
  12:38:55  0 samples  published: ['DEN']
  12:39:11  0 samples  published: ['DEN']
  12:39:26  0 samples  published: ['DEN']
  12:39:41  0 samples  published: ['DEN']
  12:39:57  0 samples  published: ['DEN']
  12:40:12  0 samples  published: ['DEN']
  12:40:27  0 samples  published: ['DEN']
  12:40:42  0 samples  published: ['DEN']
  12:40:58  0 samples  published: ['DEN']
  12:41:13  0 samples  published: ['DEN']
  12:41:28  0 samples  published: ['DEN']
  12:41:43  0 samples  published: ['DEN']
  12:41:59  0 samples  published: ['DEN']
  12:42:14  0 samples  published: ['DEN']
  12:42:29  0 samples  published: ['DEN']
  12:42:44  0 samples  published: ['DEN']
  12:43:00  0 samples  published: ['DEN']
  12:43:15  0 samples  published: ['DEN']
  12:43:30  0 samples  published: ['DEN']
  12:43:46  0 samples  published: ['DEN']
  12:44:01  0 samples  published: ['DEN']
  12:44:16  0 samples  published: ['DEN']
  12:44:31  0 samples  published: ['DEN']
  12:44:47  0 samples  published: ['DEN']

wrote /home/velocity101/trading-lab/data/weather/gap_watch.csv
watching DEN for 25 min, sampling every 15s
Ctrl-C to stop early; data is written continuously.

  *** DEN CLI PUBLISHED 2026-09-17 max 84F at 2026-09-18T07:40
  12:20:01  0 samples  published: ['DEN']
  12:20:16  0 samples  published: ['DEN']
  12:20:32  0 samples  published: ['DEN']
  12:20:47  0 samples  published: ['DEN']
  12:21:02  0 samples  published: ['DEN']
  12:21:18  0 samples  published: ['DEN']
  12:21:33  0 samples  published: ['DEN']
  12:21:48  0 samples  published: ['DEN']
  12:22:03  0 samples  published: ['DEN']
  12:22:19  0 samples  published: ['DEN']
  12:22:34  0 samples  published: ['DEN']
  12:22:49  0 samples  published: ['DEN']
  12:23:05  0 samples  published: ['DEN']
  12:23:20  0 samples  published: ['DEN']
  12:23:35  0 samples  published: ['DEN']
  12:23:50  0 samples  published: ['DEN']
  12:24:06  0 samples  published: ['DEN']
  12:24:21  0 samples  published: ['DEN']
  12:24:36  0 samples  published: ['DEN']
  12:24:51  0 samples  published: ['DEN']
  12:25:07  0 samples  published: ['DEN']
  12:25:22  0 samples  published: ['DEN']
  12:25:37  0 samples  published: ['DEN']
  12:25:52  0 samples  published: ['DEN']
  12:26:08  0 samples  published: ['DEN']
  12:26:23  0 samples  published: ['DEN']
  12:26:38  0 samples  published: ['DEN']
  12:26:54  0 samples  published: ['DEN']
  12:27:09  0 samples  published: ['DEN']
  12:27:24  0 samples  published: ['DEN']
  12:27:39  0 samples  published: ['DEN']
  12:27:55  0 samples  published: ['DEN']
  12:28:10  0 samples  published: ['DEN']
  12:28:25  0 samples  published: ['DEN']
  12:28:41  0 samples  published: ['DEN']
  12:28:56  0 samples  published: ['DEN']
  12:29:11  0 samples  published: ['DEN']
  12:29:26  0 samples  published: ['DEN']
  12:29:42  0 samples  published: ['DEN']
  12:29:57  0 samples  published: ['DEN']
  12:30:12  0 samples  published: ['DEN']
  12:30:27  0 samples  published: ['DEN']
  12:30:43  0 samples  published: ['DEN']
  12:30:58  0 samples  published: ['DEN']
  12:31:13  0 samples  published: ['DEN']
  12:31:28  0 samples  published: ['DEN']
  12:31:44  0 samples  published: ['DEN']
  12:31:59  0 samples  published: ['DEN']
  12:32:14  0 samples  published: ['DEN']
  12:32:29  0 samples  published: ['DEN']
  12:32:45  0 samples  published: ['DEN']
  12:33:00  0 samples  published: ['DEN']
  12:33:15  0 samples  published: ['DEN']
  12:33:31  0 samples  published: ['DEN']
  12:33:46  0 samples  published: ['DEN']
  12:34:01  0 samples  published: ['DEN']
  12:34:16  0 samples  published: ['DEN']
  12:34:32  0 samples  published: ['DEN']
  12:34:47  0 samples  published: ['DEN']
  12:35:02  0 samples  published: ['DEN']
  12:35:18  0 samples  published: ['DEN']
  12:35:33  0 samples  published: ['DEN']
  12:35:48  0 samples  published: ['DEN']
  12:36:03  0 samples  published: ['DEN']
  12:36:19  0 samples  published: ['DEN']
  12:36:34  0 samples  published: ['DEN']
  12:36:49  0 samples  published: ['DEN']
  12:37:04  0 samples  published: ['DEN']
  12:37:20  0 samples  published: ['DEN']
  12:37:35  0 samples  published: ['DEN']
  12:37:50  0 samples  published: ['DEN']
  12:38:06  0 samples  published: ['DEN']
  12:38:21  0 samples  published: ['DEN']
  12:38:36  0 samples  published: ['DEN']
  12:38:52  0 samples  published: ['DEN']
  12:39:07  0 samples  published: ['DEN']
  12:39:22  0 samples  published: ['DEN']
  12:39:37  0 samples  published: ['DEN']
  12:39:53  0 samples  published: ['DEN']
  12:40:08  0 samples  published: ['DEN']
  12:40:23  0 samples  published: ['DEN']
  12:40:38  0 samples  published: ['DEN']
  12:40:54  0 samples  published: ['DEN']
  12:41:09  0 samples  published: ['DEN']
  12:41:24  0 samples  published: ['DEN']
  12:41:39  0 samples  published: ['DEN']
  12:41:55  0 samples  published: ['DEN']
  12:42:10  0 samples  published: ['DEN']
  12:42:25  0 samples  published: ['DEN']
  12:42:41  0 samples  published: ['DEN']
  12:42:56  0 samples  published: ['DEN']
  12:43:11  0 samples  published: ['DEN']
  12:43:27  0 samples  published: ['DEN']
  12:43:42  0 samples  published: ['DEN']
  12:43:57  0 samples  published: ['DEN']
  12:44:12  0 samples  published: ['DEN']
  12:44:28  0 samples  published: ['DEN']
  12:44:43  0 samples  published: ['DEN']
  12:44:58  0 samples  published: ['DEN']

wrote /home/velocity101/trading-lab/data/weather/gap_watch.csv
watching DEN for 25 min, sampling every 15s
Ctrl-C to stop early; data is written continuously.

  *** DEN CLI PUBLISHED 2026-09-18 max 86F at 2026-09-19T07:33
  12:20:01  0 samples  published: ['DEN']
  12:20:17  0 samples  published: ['DEN']
  12:20:32  0 samples  published: ['DEN']
  12:20:47  0 samples  published: ['DEN']
  12:21:02  0 samples  published: ['DEN']
  12:21:18  0 samples  published: ['DEN']
  12:21:33  0 samples  published: ['DEN']
  12:21:48  0 samples  published: ['DEN']
  12:22:04  0 samples  published: ['DEN']
  12:22:19  0 samples  published: ['DEN']
  12:22:34  0 samples  published: ['DEN']
  12:22:49  0 samples  published: ['DEN']
  12:23:05  0 samples  published: ['DEN']
  12:23:20  0 samples  published: ['DEN']
  12:23:35  0 samples  published: ['DEN']
  12:23:50  0 samples  published: ['DEN']
  12:24:06  0 samples  published: ['DEN']
  12:24:21  0 samples  published: ['DEN']
  12:24:36  0 samples  published: ['DEN']
  12:24:52  0 samples  published: ['DEN']
  12:25:07  0 samples  published: ['DEN']
  12:25:22  0 samples  published: ['DEN']
  12:25:37  0 samples  published: ['DEN']
  12:25:53  0 samples  published: ['DEN']
  12:26:08  0 samples  published: ['DEN']
  12:26:23  0 samples  published: ['DEN']
  12:26:38  0 samples  published: ['DEN']
  12:26:54  0 samples  published: ['DEN']
  12:27:09  0 samples  published: ['DEN']
  12:27:24  0 samples  published: ['DEN']
  12:27:40  0 samples  published: ['DEN']
  12:27:55  0 samples  published: ['DEN']
  12:28:10  0 samples  published: ['DEN']
  12:28:25  0 samples  published: ['DEN']
  12:28:41  0 samples  published: ['DEN']
  12:28:56  0 samples  published: ['DEN']
  12:29:11  0 samples  published: ['DEN']
  12:29:26  0 samples  published: ['DEN']
  12:29:42  0 samples  published: ['DEN']
  12:29:57  0 samples  published: ['DEN']
  12:30:12  0 samples  published: ['DEN']
  12:30:27  0 samples  published: ['DEN']
  12:30:43  0 samples  published: ['DEN']
  12:30:58  0 samples  published: ['DEN']
  12:31:13  0 samples  published: ['DEN']
  12:31:29  0 samples  published: ['DEN']
  12:31:44  0 samples  published: ['DEN']
  12:31:59  0 samples  published: ['DEN']
  12:32:14  0 samples  published: ['DEN']
  12:32:30  0 samples  published: ['DEN']
  12:32:45  0 samples  published: ['DEN']
  12:33:00  0 samples  published: ['DEN']
  12:33:16  0 samples  published: ['DEN']
  12:33:31  0 samples  published: ['DEN']
  12:33:46  0 samples  published: ['DEN']
  12:34:01  0 samples  published: ['DEN']
  12:34:17  0 samples  published: ['DEN']
  12:34:32  0 samples  published: ['DEN']
  12:34:47  0 samples  published: ['DEN']
  12:35:02  0 samples  published: ['DEN']
  12:35:18  0 samples  published: ['DEN']
  12:35:33  0 samples  published: ['DEN']
  12:35:49  0 samples  published: ['DEN']
  12:36:04  0 samples  published: ['DEN']
  12:36:20  0 samples  published: ['DEN']
  12:36:35  0 samples  published: ['DEN']
  12:36:50  0 samples  published: ['DEN']
  12:37:05  0 samples  published: ['DEN']
  12:37:21  0 samples  published: ['DEN']
  12:37:36  0 samples  published: ['DEN']
  12:37:51  0 samples  published: ['DEN']
  12:38:06  0 samples  published: ['DEN']
  12:38:22  0 samples  published: ['DEN']
  12:38:37  0 samples  published: ['DEN']
  12:38:52  0 samples  published: ['DEN']
  12:39:08  0 samples  published: ['DEN']
  12:39:23  0 samples  published: ['DEN']
  12:39:38  0 samples  published: ['DEN']
  12:39:53  0 samples  published: ['DEN']
  12:40:09  0 samples  published: ['DEN']
  12:40:24  0 samples  published: ['DEN']
  12:40:39  0 samples  published: ['DEN']
  12:40:55  0 samples  published: ['DEN']
  12:41:10  0 samples  published: ['DEN']
  12:41:26  0 samples  published: ['DEN']
  12:41:41  0 samples  published: ['DEN']
  12:41:56  0 samples  published: ['DEN']
  12:42:12  0 samples  published: ['DEN']
  12:42:27  0 samples  published: ['DEN']
  12:42:42  0 samples  published: ['DEN']
  12:42:57  0 samples  published: ['DEN']
  12:43:13  0 samples  published: ['DEN']
  12:43:28  0 samples  published: ['DEN']
  12:43:43  0 samples  published: ['DEN']
  12:43:58  0 samples  published: ['DEN']
  12:44:14  0 samples  published: ['DEN']
  12:44:29  0 samples  published: ['DEN']
  12:44:44  0 samples  published: ['DEN']
  12:44:59  0 samples  published: ['DEN']

wrote /home/velocity101/trading-lab/data/weather/gap_watch.csv
